19:09:29 **** Build of configuration Debug for project 801.01_CM4 ****
make -j32 all 
arm-none-eabi-gcc "../OPENAMP/mbox_ipcc.c" -mcpu=cortex-m4 -std=gnu11 -g3 -DDEBUG -DCORE_CM4 -DNO_ATOMIC_64_SUPPORT -DMETAL_INTERNAL -DMETAL_MAX_DEVICE_REGIONS=2 -DVIRTIO_SLAVE_ONLY -DUSE_HAL_DRIVER -DSTM32MP157Dxx -c -I../OPENAMP -I../Core/Inc -I../../Middlewares/Third_Party/OpenAMP/open-amp/lib/include -I../../Middlewares/Third_Party/OpenAMP/libmetal/lib/include -I../../Drivers/STM32MP1xx_HAL_Driver/Inc -I../../Drivers/STM32MP1xx_HAL_Driver/Inc/Legacy -I../../Drivers/CMSIS/Device/ST/STM32MP1xx/Include -I../../Middlewares/Third_Party/OpenAMP/virtual_driver -I../../Drivers/CMSIS/Include -O0 -ffunction-sections -fdata-sections -Wall -fstack-usage -fcyclomatic-complexity -MMD -MP -MF"OPENAMP/mbox_ipcc.d" -MT"OPENAMP/mbox_ipcc.o" --specs=nano.specs -mfpu=fpv4-sp-d16 -mfloat-abi=hard -mthumb -o "OPENAMP/mbox_ipcc.o"
arm-none-eabi-gcc "../OPENAMP/openamp.c" -mcpu=cortex-m4 -std=gnu11 -g3 -DDEBUG -DCORE_CM4 -DNO_ATOMIC_64_SUPPORT -DMETAL_INTERNAL -DMETAL_MAX_DEVICE_REGIONS=2 -DVIRTIO_SLAVE_ONLY -DUSE_HAL_DRIVER -DSTM32MP157Dxx -c -I../OPENAMP -I../Core/Inc -I../../Middlewares/Third_Party/OpenAMP/open-amp/lib/include -I../../Middlewares/Third_Party/OpenAMP/libmetal/lib/include -I../../Drivers/STM32MP1xx_HAL_Driver/Inc -I../../Drivers/STM32MP1xx_HAL_Driver/Inc/Legacy -I../../Drivers/CMSIS/Device/ST/STM32MP1xx/Include -I../../Middlewares/Third_Party/OpenAMP/virtual_driver -I../../Drivers/CMSIS/Include -O0 -ffunction-sections -fdata-sections -Wall -fstack-usage -fcyclomatic-complexity -MMD -MP -MF"OPENAMP/openamp.d" -MT"OPENAMP/openamp.o" --specs=nano.specs -mfpu=fpv4-sp-d16 -mfloat-abi=hard -mthumb -o "OPENAMP/openamp.o"
arm-none-eabi-gcc "../OPENAMP/openamp_log.c" -mcpu=cortex-m4 -std=gnu11 -g3 -DDEBUG -DCORE_CM4 -DNO_ATOMIC_64_SUPPORT -DMETAL_INTERNAL -DMETAL_MAX_DEVICE_REGIONS=2 -DVIRTIO_SLAVE_ONLY -DUSE_HAL_DRIVER -DSTM32MP157Dxx -c -I../OPENAMP -I../Core/Inc -I../../Middlewares/Third_Party/OpenAMP/open-amp/lib/include -I../../Middlewares/Third_Party/OpenAMP/libmetal/lib/include -I../../Drivers/STM32MP1xx_HAL_Driver/Inc -I../../Drivers/STM32MP1xx_HAL_Driver/Inc/Legacy -I../../Drivers/CMSIS/Device/ST/STM32MP1xx/Include -I../../Middlewares/Third_Party/OpenAMP/virtual_driver -I../../Drivers/CMSIS/Include -O0 -ffunction-sections -fdata-sections -Wall -fstack-usage -fcyclomatic-complexity -MMD -MP -MF"OPENAMP/openamp_log.d" -MT"OPENAMP/openamp_log.o" --specs=nano.specs -mfpu=fpv4-sp-d16 -mfloat-abi=hard -mthumb -o "OPENAMP/openamp_log.o"
arm-none-eabi-gcc "../OPENAMP/rsc_table.c" -mcpu=cortex-m4 -std=gnu11 -g3 -DDEBUG -DCORE_CM4 -DNO_ATOMIC_64_SUPPORT -DMETAL_INTERNAL -DMETAL_MAX_DEVICE_REGIONS=2 -DVIRTIO_SLAVE_ONLY -DUSE_HAL_DRIVER -DSTM32MP157Dxx -c -I../OPENAMP -I../Core/Inc -I../../Middlewares/Third_Party/OpenAMP/open-amp/lib/include -I../../Middlewares/Third_Party/OpenAMP/libmetal/lib/include -I../../Drivers/STM32MP1xx_HAL_Driver/Inc -I../../Drivers/STM32MP1xx_HAL_Driver/Inc/Legacy -I../../Drivers/CMSIS/Device/ST/STM32MP1xx/Include -I../../Middlewares/Third_Party/OpenAMP/virtual_driver -I../../Drivers/CMSIS/Include -O0 -ffunction-sections -fdata-sections -Wall -fstack-usage -fcyclomatic-complexity -MMD -MP -MF"OPENAMP/rsc_table.d" -MT"OPENAMP/rsc_table.o" --specs=nano.specs -mfpu=fpv4-sp-d16 -mfloat-abi=hard -mthumb -o "OPENAMP/rsc_table.o"
arm-none-eabi-gcc "/home/faruk/Desktop/projects/801.01/SOFTWARE/801.01_fw/801.01/Middlewares/Third_Party/OpenAMP/libmetal/lib/system/generic/condition.c" -mcpu=cortex-m4 -std=gnu11 -g3 -DDEBUG -DCORE_CM4 -DNO_ATOMIC_64_SUPPORT -DMETAL_INTERNAL -DMETAL_MAX_DEVICE_REGIONS=2 -DVIRTIO_SLAVE_ONLY -DUSE_HAL_DRIVER -DSTM32MP157Dxx -c -I../OPENAMP -I../Core/Inc -I../../Middlewares/Third_Party/OpenAMP/open-amp/lib/include -I../../Middlewares/Third_Party/OpenAMP/libmetal/lib/include -I../../Drivers/STM32MP1xx_HAL_Driver/Inc -I../../Drivers/STM32MP1xx_HAL_Driver/Inc/Legacy -I../../Drivers/CMSIS/Device/ST/STM32MP1xx/Include -I../../Middlewares/Third_Party/OpenAMP/virtual_driver -I../../Drivers/CMSIS/Include -O0 -ffunction-sections -fdata-sections -Wall -fstack-usage -fcyclomatic-complexity -MMD -MP -MF"Middlewares/Third_Party/OpenAMP/condition.d" -MT"Middlewares/Third_Party/OpenAMP/condition.o" --specs=nano.specs -mfpu=fpv4-sp-d16 -mfloat-abi=hard -mthumb -o "Middlewares/Third_Party/OpenAMP/condition.o"
arm-none-eabi-gcc "/home/faruk/Desktop/projects/801.01/SOFTWARE/801.01_fw/801.01/Middlewares/Third_Party/OpenAMP/libmetal/lib/device.c" -mcpu=cortex-m4 -std=gnu11 -g3 -DDEBUG -DCORE_CM4 -DNO_ATOMIC_64_SUPPORT -DMETAL_INTERNAL -DMETAL_MAX_DEVICE_REGIONS=2 -DVIRTIO_SLAVE_ONLY -DUSE_HAL_DRIVER -DSTM32MP157Dxx -c -I../OPENAMP -I../Core/Inc -I../../Middlewares/Third_Party/OpenAMP/open-amp/lib/include -I../../Middlewares/Third_Party/OpenAMP/libmetal/lib/include -I../../Drivers/STM32MP1xx_HAL_Driver/Inc -I../../Drivers/STM32MP1xx_HAL_Driver/Inc/Legacy -I../../Drivers/CMSIS/Device/ST/STM32MP1xx/Include -I../../Middlewares/Third_Party/OpenAMP/virtual_driver -I../../Drivers/CMSIS/Include -O0 -ffunction-sections -fdata-sections -Wall -fstack-usage -fcyclomatic-complexity -MMD -MP -MF"Middlewares/Third_Party/OpenAMP/device.d" -MT"Middlewares/Third_Party/OpenAMP/device.o" --specs=nano.specs -mfpu=fpv4-sp-d16 -mfloat-abi=hard -mthumb -o "Middlewares/Third_Party/OpenAMP/device.o"
arm-none-eabi-gcc "/home/faruk/Desktop/projects/801.01/SOFTWARE/801.01_fw/801.01/Middlewares/Third_Party/OpenAMP/libmetal/lib/system/generic/generic_device.c" -mcpu=cortex-m4 -std=gnu11 -g3 -DDEBUG -DCORE_CM4 -DNO_ATOMIC_64_SUPPORT -DMETAL_INTERNAL -DMETAL_MAX_DEVICE_REGIONS=2 -DVIRTIO_SLAVE_ONLY -DUSE_HAL_DRIVER -DSTM32MP157Dxx -c -I../OPENAMP -I../Core/Inc -I../../Middlewares/Third_Party/OpenAMP/open-amp/lib/include -I../../Middlewares/Third_Party/OpenAMP/libmetal/lib/include -I../../Drivers/STM32MP1xx_HAL_Driver/Inc -I../../Drivers/STM32MP1xx_HAL_Driver/Inc/Legacy -I../../Drivers/CMSIS/Device/ST/STM32MP1xx/Include -I../../Middlewares/Third_Party/OpenAMP/virtual_driver -I../../Drivers/CMSIS/Include -O0 -ffunction-sections -fdata-sections -Wall -fstack-usage -fcyclomatic-complexity -MMD -MP -MF"Middlewares/Third_Party/OpenAMP/generic_device.d" -MT"Middlewares/Third_Party/OpenAMP/generic_device.o" --specs=nano.specs -mfpu=fpv4-sp-d16 -mfloat-abi=hard -mthumb -o "Middlewares/Third_Party/OpenAMP/generic_device.o"
arm-none-eabi-gcc "/home/faruk/Desktop/projects/801.01/SOFTWARE/801.01_fw/801.01/Middlewares/Third_Party/OpenAMP/libmetal/lib/system/generic/generic_init.c" -mcpu=cortex-m4 -std=gnu11 -g3 -DDEBUG -DCORE_CM4 -DNO_ATOMIC_64_SUPPORT -DMETAL_INTERNAL -DMETAL_MAX_DEVICE_REGIONS=2 -DVIRTIO_SLAVE_ONLY -DUSE_HAL_DRIVER -DSTM32MP157Dxx -c -I../OPENAMP -I../Core/Inc -I../../Middlewares/Third_Party/OpenAMP/open-amp/lib/include -I../../Middlewares/Third_Party/OpenAMP/libmetal/lib/include -I../../Drivers/STM32MP1xx_HAL_Driver/Inc -I../../Drivers/STM32MP1xx_HAL_Driver/Inc/Legacy -I../../Drivers/CMSIS/Device/ST/STM32MP1xx/Include -I../../Middlewares/Third_Party/OpenAMP/virtual_driver -I../../Drivers/CMSIS/Include -O0 -ffunction-sections -fdata-sections -Wall -fstack-usage -fcyclomatic-complexity -MMD -MP -MF"Middlewares/Third_Party/OpenAMP/generic_init.d" -MT"Middlewares/Third_Party/OpenAMP/generic_init.o" --specs=nano.specs -mfpu=fpv4-sp-d16 -mfloat-abi=hard -mthumb -o "Middlewares/Third_Party/OpenAMP/generic_init.o"
arm-none-eabi-gcc "/home/faruk/Desktop/projects/801.01/SOFTWARE/801.01_fw/801.01/Middlewares/Third_Party/OpenAMP/libmetal/lib/system/generic/generic_io.c" -mcpu=cortex-m4 -std=gnu11 -g3 -DDEBUG -DCORE_CM4 -DNO_ATOMIC_64_SUPPORT -DMETAL_INTERNAL -DMETAL_MAX_DEVICE_REGIONS=2 -DVIRTIO_SLAVE_ONLY -DUSE_HAL_DRIVER -DSTM32MP157Dxx -c -I../OPENAMP -I../Core/Inc -I../../Middlewares/Third_Party/OpenAMP/open-amp/lib/include -I../../Middlewares/Third_Party/OpenAMP/libmetal/lib/include -I../../Drivers/STM32MP1xx_HAL_Driver/Inc -I../../Drivers/STM32MP1xx_HAL_Driver/Inc/Legacy -I../../Drivers/CMSIS/Device/ST/STM32MP1xx/Include -I../../Middlewares/Third_Party/OpenAMP/virtual_driver -I../../Drivers/CMSIS/Include -O0 -ffunction-sections -fdata-sections -Wall -fstack-usage -fcyclomatic-complexity -MMD -MP -MF"Middlewares/Third_Party/OpenAMP/generic_io.d" -MT"Middlewares/Third_Party/OpenAMP/generic_io.o" --specs=nano.specs -mfpu=fpv4-sp-d16 -mfloat-abi=hard -mthumb -o "Middlewares/Third_Party/OpenAMP/generic_io.o"
arm-none-eabi-gcc "/home/faruk/Desktop/projects/801.01/SOFTWARE/801.01_fw/801.01/Middlewares/Third_Party/OpenAMP/libmetal/lib/system/generic/generic_shmem.c" -mcpu=cortex-m4 -std=gnu11 -g3 -DDEBUG -DCORE_CM4 -DNO_ATOMIC_64_SUPPORT -DMETAL_INTERNAL -DMETAL_MAX_DEVICE_REGIONS=2 -DVIRTIO_SLAVE_ONLY -DUSE_HAL_DRIVER -DSTM32MP157Dxx -c -I../OPENAMP -I../Core/Inc -I../../Middlewares/Third_Party/OpenAMP/open-amp/lib/include -I../../Middlewares/Third_Party/OpenAMP/libmetal/lib/include -I../../Drivers/STM32MP1xx_HAL_Driver/Inc -I../../Drivers/STM32MP1xx_HAL_Driver/Inc/Legacy -I../../Drivers/CMSIS/Device/ST/STM32MP1xx/Include -I../../Middlewares/Third_Party/OpenAMP/virtual_driver -I../../Drivers/CMSIS/Include -O0 -ffunction-sections -fdata-sections -Wall -fstack-usage -fcyclomatic-complexity -MMD -MP -MF"Middlewares/Third_Party/OpenAMP/generic_shmem.d" -MT"Middlewares/Third_Party/OpenAMP/generic_shmem.o" --specs=nano.specs -mfpu=fpv4-sp-d16 -mfloat-abi=hard -mthumb -o "Middlewares/Third_Party/OpenAMP/generic_shmem.o"
arm-none-eabi-gcc "/home/faruk/Desktop/projects/801.01/SOFTWARE/801.01_fw/801.01/Middlewares/Third_Party/OpenAMP/libmetal/lib/init.c" -mcpu=cortex-m4 -std=gnu11 -g3 -DDEBUG -DCORE_CM4 -DNO_ATOMIC_64_SUPPORT -DMETAL_INTERNAL -DMETAL_MAX_DEVICE_REGIONS=2 -DVIRTIO_SLAVE_ONLY -DUSE_HAL_DRIVER -DSTM32MP157Dxx -c -I../OPENAMP -I../Core/Inc -I../../Middlewares/Third_Party/OpenAMP/open-amp/lib/include -I../../Middlewares/Third_Party/OpenAMP/libmetal/lib/include -I../../Drivers/STM32MP1xx_HAL_Driver/Inc -I../../Drivers/STM32MP1xx_HAL_Driver/Inc/Legacy -I../../Drivers/CMSIS/Device/ST/STM32MP1xx/Include -I../../Middlewares/Third_Party/OpenAMP/virtual_driver -I../../Drivers/CMSIS/Include -O0 -ffunction-sections -fdata-sections -Wall -fstack-usage -fcyclomatic-complexity -MMD -MP -MF"Middlewares/Third_Party/OpenAMP/init.d" -MT"Middlewares/Third_Party/OpenAMP/init.o" --specs=nano.specs -mfpu=fpv4-sp-d16 -mfloat-abi=hard -mthumb -o "Middlewares/Third_Party/OpenAMP/init.o"
arm-none-eabi-gcc "/home/faruk/Desktop/projects/801.01/SOFTWARE/801.01_fw/801.01/Middlewares/Third_Party/OpenAMP/libmetal/lib/io.c" -mcpu=cortex-m4 -std=gnu11 -g3 -DDEBUG -DCORE_CM4 -DNO_ATOMIC_64_SUPPORT -DMETAL_INTERNAL -DMETAL_MAX_DEVICE_REGIONS=2 -DVIRTIO_SLAVE_ONLY -DUSE_HAL_DRIVER -DSTM32MP157Dxx -c -I../OPENAMP -I../Core/Inc -I../../Middlewares/Third_Party/OpenAMP/open-amp/lib/include -I../../Middlewares/Third_Party/OpenAMP/libmetal/lib/include -I../../Drivers/STM32MP1xx_HAL_Driver/Inc -I../../Drivers/STM32MP1xx_HAL_Driver/Inc/Legacy -I../../Drivers/CMSIS/Device/ST/STM32MP1xx/Include -I../../Middlewares/Third_Party/OpenAMP/virtual_driver -I../../Drivers/CMSIS/Include -O0 -ffunction-sections -fdata-sections -Wall -fstack-usage -fcyclomatic-complexity -MMD -MP -MF"Middlewares/Third_Party/OpenAMP/io.d" -MT"Middlewares/Third_Party/OpenAMP/io.o" --specs=nano.specs -mfpu=fpv4-sp-d16 -mfloat-abi=hard -mthumb -o "Middlewares/Third_Party/OpenAMP/io.o"
arm-none-eabi-gcc "/home/faruk/Desktop/projects/801.01/SOFTWARE/801.01_fw/801.01/Middlewares/Third_Party/OpenAMP/libmetal/lib/log.c" -mcpu=cortex-m4 -std=gnu11 -g3 -DDEBUG -DCORE_CM4 -DNO_ATOMIC_64_SUPPORT -DMETAL_INTERNAL -DMETAL_MAX_DEVICE_REGIONS=2 -DVIRTIO_SLAVE_ONLY -DUSE_HAL_DRIVER -DSTM32MP157Dxx -c -I../OPENAMP -I../Core/Inc -I../../Middlewares/Third_Party/OpenAMP/open-amp/lib/include -I../../Middlewares/Third_Party/OpenAMP/libmetal/lib/include -I../../Drivers/STM32MP1xx_HAL_Driver/Inc -I../../Drivers/STM32MP1xx_HAL_Driver/Inc/Legacy -I../../Drivers/CMSIS/Device/ST/STM32MP1xx/Include -I../../Middlewares/Third_Party/OpenAMP/virtual_driver -I../../Drivers/CMSIS/Include -O0 -ffunction-sections -fdata-sections -Wall -fstack-usage -fcyclomatic-complexity -MMD -MP -MF"Middlewares/Third_Party/OpenAMP/log.d" -MT"Middlewares/Third_Party/OpenAMP/log.o" --specs=nano.specs -mfpu=fpv4-sp-d16 -mfloat-abi=hard -mthumb -o "Middlewares/Third_Party/OpenAMP/log.o"
arm-none-eabi-gcc "/home/faruk/Desktop/projects/801.01/SOFTWARE/801.01_fw/801.01/Middlewares/Third_Party/OpenAMP/open-amp/lib/remoteproc/remoteproc_virtio.c" -mcpu=cortex-m4 -std=gnu11 -g3 -DDEBUG -DCORE_CM4 -DNO_ATOMIC_64_SUPPORT -DMETAL_INTERNAL -DMETAL_MAX_DEVICE_REGIONS=2 -DVIRTIO_SLAVE_ONLY -DUSE_HAL_DRIVER -DSTM32MP157Dxx -c -I../OPENAMP -I../Core/Inc -I../../Middlewares/Third_Party/OpenAMP/open-amp/lib/include -I../../Middlewares/Third_Party/OpenAMP/libmetal/lib/include -I../../Drivers/STM32MP1xx_HAL_Driver/Inc -I../../Drivers/STM32MP1xx_HAL_Driver/Inc/Legacy -I../../Drivers/CMSIS/Device/ST/STM32MP1xx/Include -I../../Middlewares/Third_Party/OpenAMP/virtual_driver -I../../Drivers/CMSIS/Include -O0 -ffunction-sections -fdata-sections -Wall -fstack-usage -fcyclomatic-complexity -MMD -MP -MF"Middlewares/Third_Party/OpenAMP/remoteproc_virtio.d" -MT"Middlewares/Third_Party/OpenAMP/remoteproc_virtio.o" --specs=nano.specs -mfpu=fpv4-sp-d16 -mfloat-abi=hard -mthumb -o "Middlewares/Third_Party/OpenAMP/remoteproc_virtio.o"
arm-none-eabi-gcc "/home/faruk/Desktop/projects/801.01/SOFTWARE/801.01_fw/801.01/Middlewares/Third_Party/OpenAMP/open-amp/lib/rpmsg/rpmsg.c" -mcpu=cortex-m4 -std=gnu11 -g3 -DDEBUG -DCORE_CM4 -DNO_ATOMIC_64_SUPPORT -DMETAL_INTERNAL -DMETAL_MAX_DEVICE_REGIONS=2 -DVIRTIO_SLAVE_ONLY -DUSE_HAL_DRIVER -DSTM32MP157Dxx -c -I../OPENAMP -I../Core/Inc -I../../Middlewares/Third_Party/OpenAMP/open-amp/lib/include -I../../Middlewares/Third_Party/OpenAMP/libmetal/lib/include -I../../Drivers/STM32MP1xx_HAL_Driver/Inc -I../../Drivers/STM32MP1xx_HAL_Driver/Inc/Legacy -I../../Drivers/CMSIS/Device/ST/STM32MP1xx/Include -I../../Middlewares/Third_Party/OpenAMP/virtual_driver -I../../Drivers/CMSIS/Include -O0 -ffunction-sections -fdata-sections -Wall -fstack-usage -fcyclomatic-complexity -MMD -MP -MF"Middlewares/Third_Party/OpenAMP/rpmsg.d" -MT"Middlewares/Third_Party/OpenAMP/rpmsg.o" --specs=nano.specs -mfpu=fpv4-sp-d16 -mfloat-abi=hard -mthumb -o "Middlewares/Third_Party/OpenAMP/rpmsg.o"
arm-none-eabi-gcc "/home/faruk/Desktop/projects/801.01/SOFTWARE/801.01_fw/801.01/Middlewares/Third_Party/OpenAMP/open-amp/lib/rpmsg/rpmsg_virtio.c" -mcpu=cortex-m4 -std=gnu11 -g3 -DDEBUG -DCORE_CM4 -DNO_ATOMIC_64_SUPPORT -DMETAL_INTERNAL -DMETAL_MAX_DEVICE_REGIONS=2 -DVIRTIO_SLAVE_ONLY -DUSE_HAL_DRIVER -DSTM32MP157Dxx -c -I../OPENAMP -I../Core/Inc -I../../Middlewares/Third_Party/OpenAMP/open-amp/lib/include -I../../Middlewares/Third_Party/OpenAMP/libmetal/lib/include -I../../Drivers/STM32MP1xx_HAL_Driver/Inc -I../../Drivers/STM32MP1xx_HAL_Driver/Inc/Legacy -I../../Drivers/CMSIS/Device/ST/STM32MP1xx/Include -I../../Middlewares/Third_Party/OpenAMP/virtual_driver -I../../Drivers/CMSIS/Include -O0 -ffunction-sections -fdata-sections -Wall -fstack-usage -fcyclomatic-complexity -MMD -MP -MF"Middlewares/Third_Party/OpenAMP/rpmsg_virtio.d" -MT"Middlewares/Third_Party/OpenAMP/rpmsg_virtio.o" --specs=nano.specs -mfpu=fpv4-sp-d16 -mfloat-abi=hard -mthumb -o "Middlewares/Third_Party/OpenAMP/rpmsg_virtio.o"
arm-none-eabi-gcc "/home/faruk/Desktop/projects/801.01/SOFTWARE/801.01_fw/801.01/Middlewares/Third_Party/OpenAMP/libmetal/lib/shmem.c" -mcpu=cortex-m4 -std=gnu11 -g3 -DDEBUG -DCORE_CM4 -DNO_ATOMIC_64_SUPPORT -DMETAL_INTERNAL -DMETAL_MAX_DEVICE_REGIONS=2 -DVIRTIO_SLAVE_ONLY -DUSE_HAL_DRIVER -DSTM32MP157Dxx -c -I../OPENAMP -I../Core/Inc -I../../Middlewares/Third_Party/OpenAMP/open-amp/lib/include -I../../Middlewares/Third_Party/OpenAMP/libmetal/lib/include -I../../Drivers/STM32MP1xx_HAL_Driver/Inc -I../../Drivers/STM32MP1xx_HAL_Driver/Inc/Legacy -I../../Drivers/CMSIS/Device/ST/STM32MP1xx/Include -I../../Middlewares/Third_Party/OpenAMP/virtual_driver -I../../Drivers/CMSIS/Include -O0 -ffunction-sections -fdata-sections -Wall -fstack-usage -fcyclomatic-complexity -MMD -MP -MF"Middlewares/Third_Party/OpenAMP/shmem.d" -MT"Middlewares/Third_Party/OpenAMP/shmem.o" --specs=nano.specs -mfpu=fpv4-sp-d16 -mfloat-abi=hard -mthumb -o "Middlewares/Third_Party/OpenAMP/shmem.o"
arm-none-eabi-gcc "/home/faruk/Desktop/projects/801.01/SOFTWARE/801.01_fw/801.01/Middlewares/Third_Party/OpenAMP/libmetal/lib/system/generic/template/sys.c" -mcpu=cortex-m4 -std=gnu11 -g3 -DDEBUG -DCORE_CM4 -DNO_ATOMIC_64_SUPPORT -DMETAL_INTERNAL -DMETAL_MAX_DEVICE_REGIONS=2 -DVIRTIO_SLAVE_ONLY -DUSE_HAL_DRIVER -DSTM32MP157Dxx -c -I../OPENAMP -I../Core/Inc -I../../Middlewares/Third_Party/OpenAMP/open-amp/lib/include -I../../Middlewares/Third_Party/OpenAMP/libmetal/lib/include -I../../Drivers/STM32MP1xx_HAL_Driver/Inc -I../../Drivers/STM32MP1xx_HAL_Driver/Inc/Legacy -I../../Drivers/CMSIS/Device/ST/STM32MP1xx/Include -I../../Middlewares/Third_Party/OpenAMP/virtual_driver -I../../Drivers/CMSIS/Include -O0 -ffunction-sections -fdata-sections -Wall -fstack-usage -fcyclomatic-complexity -MMD -MP -MF"Middlewares/Third_Party/OpenAMP/sys.d" -MT"Middlewares/Third_Party/OpenAMP/sys.o" --specs=nano.specs -mfpu=fpv4-sp-d16 -mfloat-abi=hard -mthumb -o "Middlewares/Third_Party/OpenAMP/sys.o"
arm-none-eabi-gcc "/home/faruk/Desktop/projects/801.01/SOFTWARE/801.01_fw/801.01/Middlewares/Third_Party/OpenAMP/libmetal/lib/system/generic/time.c" -mcpu=cortex-m4 -std=gnu11 -g3 -DDEBUG -DCORE_CM4 -DNO_ATOMIC_64_SUPPORT -DMETAL_INTERNAL -DMETAL_MAX_DEVICE_REGIONS=2 -DVIRTIO_SLAVE_ONLY -DUSE_HAL_DRIVER -DSTM32MP157Dxx -c -I../OPENAMP -I../Core/Inc -I../../Middlewares/Third_Party/OpenAMP/open-amp/lib/include -I../../Middlewares/Third_Party/OpenAMP/libmetal/lib/include -I../../Drivers/STM32MP1xx_HAL_Driver/Inc -I../../Drivers/STM32MP1xx_HAL_Driver/Inc/Legacy -I../../Drivers/CMSIS/Device/ST/STM32MP1xx/Include -I../../Middlewares/Third_Party/OpenAMP/virtual_driver -I../../Drivers/CMSIS/Include -O0 -ffunction-sections -fdata-sections -Wall -fstack-usage -fcyclomatic-complexity -MMD -MP -MF"Middlewares/Third_Party/OpenAMP/time.d" -MT"Middlewares/Third_Party/OpenAMP/time.o" --specs=nano.specs -mfpu=fpv4-sp-d16 -mfloat-abi=hard -mthumb -o "Middlewares/Third_Party/OpenAMP/time.o"
arm-none-eabi-gcc "/home/faruk/Desktop/projects/801.01/SOFTWARE/801.01_fw/801.01/Middlewares/Third_Party/OpenAMP/virtual_driver/virt_uart.c" -mcpu=cortex-m4 -std=gnu11 -g3 -DDEBUG -DCORE_CM4 -DNO_ATOMIC_64_SUPPORT -DMETAL_INTERNAL -DMETAL_MAX_DEVICE_REGIONS=2 -DVIRTIO_SLAVE_ONLY -DUSE_HAL_DRIVER -DSTM32MP157Dxx -c -I../OPENAMP -I../Core/Inc -I../../Middlewares/Third_Party/OpenAMP/open-amp/lib/include -I../../Middlewares/Third_Party/OpenAMP/libmetal/lib/include -I../../Drivers/STM32MP1xx_HAL_Driver/Inc -I../../Drivers/STM32MP1xx_HAL_Driver/Inc/Legacy -I../../Drivers/CMSIS/Device/ST/STM32MP1xx/Include -I../../Middlewares/Third_Party/OpenAMP/virtual_driver -I../../Drivers/CMSIS/Include -O0 -ffunction-sections -fdata-sections -Wall -fstack-usage -fcyclomatic-complexity -MMD -MP -MF"Middlewares/Third_Party/OpenAMP/virt_uart.d" -MT"Middlewares/Third_Party/OpenAMP/virt_uart.o" --specs=nano.specs -mfpu=fpv4-sp-d16 -mfloat-abi=hard -mthumb -o "Middlewares/Third_Party/OpenAMP/virt_uart.o"
arm-none-eabi-gcc "/home/faruk/Desktop/projects/801.01/SOFTWARE/801.01_fw/801.01/Middlewares/Third_Party/OpenAMP/open-amp/lib/virtio/virtio.c" -mcpu=cortex-m4 -std=gnu11 -g3 -DDEBUG -DCORE_CM4 -DNO_ATOMIC_64_SUPPORT -DMETAL_INTERNAL -DMETAL_MAX_DEVICE_REGIONS=2 -DVIRTIO_SLAVE_ONLY -DUSE_HAL_DRIVER -DSTM32MP157Dxx -c -I../OPENAMP -I../Core/Inc -I../../Middlewares/Third_Party/OpenAMP/open-amp/lib/include -I../../Middlewares/Third_Party/OpenAMP/libmetal/lib/include -I../../Drivers/STM32MP1xx_HAL_Driver/Inc -I../../Drivers/STM32MP1xx_HAL_Driver/Inc/Legacy -I../../Drivers/CMSIS/Device/ST/STM32MP1xx/Include -I../../Middlewares/Third_Party/OpenAMP/virtual_driver -I../../Drivers/CMSIS/Include -O0 -ffunction-sections -fdata-sections -Wall -fstack-usage -fcyclomatic-complexity -MMD -MP -MF"Middlewares/Third_Party/OpenAMP/virtio.d" -MT"Middlewares/Third_Party/OpenAMP/virtio.o" --specs=nano.specs -mfpu=fpv4-sp-d16 -mfloat-abi=hard -mthumb -o "Middlewares/Third_Party/OpenAMP/virtio.o"
arm-none-eabi-gcc "/home/faruk/Desktop/projects/801.01/SOFTWARE/801.01_fw/801.01/Middlewares/Third_Party/OpenAMP/open-amp/lib/virtio/virtqueue.c" -mcpu=cortex-m4 -std=gnu11 -g3 -DDEBUG -DCORE_CM4 -DNO_ATOMIC_64_SUPPORT -DMETAL_INTERNAL -DMETAL_MAX_DEVICE_REGIONS=2 -DVIRTIO_SLAVE_ONLY -DUSE_HAL_DRIVER -DSTM32MP157Dxx -c -I../OPENAMP -I../Core/Inc -I../../Middlewares/Third_Party/OpenAMP/open-amp/lib/include -I../../Middlewares/Third_Party/OpenAMP/libmetal/lib/include -I../../Drivers/STM32MP1xx_HAL_Driver/Inc -I../../Drivers/STM32MP1xx_HAL_Driver/Inc/Legacy -I../../Drivers/CMSIS/Device/ST/STM32MP1xx/Include -I../../Middlewares/Third_Party/OpenAMP/virtual_driver -I../../Drivers/CMSIS/Include -O0 -ffunction-sections -fdata-sections -Wall -fstack-usage -fcyclomatic-complexity -MMD -MP -MF"Middlewares/Third_Party/OpenAMP/virtqueue.d" -MT"Middlewares/Third_Party/OpenAMP/virtqueue.o" --specs=nano.specs -mfpu=fpv4-sp-d16 -mfloat-abi=hard -mthumb -o "Middlewares/Third_Party/OpenAMP/virtqueue.o"
arm-none-eabi-gcc "/home/faruk/Desktop/projects/801.01/SOFTWARE/801.01_fw/801.01/Drivers/STM32MP1xx_HAL_Driver/Src/stm32mp1xx_hal.c" -mcpu=cortex-m4 -std=gnu11 -g3 -DDEBUG -DCORE_CM4 -DNO_ATOMIC_64_SUPPORT -DMETAL_INTERNAL -DMETAL_MAX_DEVICE_REGIONS=2 -DVIRTIO_SLAVE_ONLY -DUSE_HAL_DRIVER -DSTM32MP157Dxx -c -I../OPENAMP -I../Core/Inc -I../../Middlewares/Third_Party/OpenAMP/open-amp/lib/include -I../../Middlewares/Third_Party/OpenAMP/libmetal/lib/include -I../../Drivers/STM32MP1xx_HAL_Driver/Inc -I../../Drivers/STM32MP1xx_HAL_Driver/Inc/Legacy -I../../Drivers/CMSIS/Device/ST/STM32MP1xx/Include -I../../Middlewares/Third_Party/OpenAMP/virtual_driver -I../../Drivers/CMSIS/Include -O0 -ffunction-sections -fdata-sections -Wall -fstack-usage -fcyclomatic-complexity -MMD -MP -MF"Drivers/STM32MP1xx_HAL_Driver/stm32mp1xx_hal.d" -MT"Drivers/STM32MP1xx_HAL_Driver/stm32mp1xx_hal.o" --specs=nano.specs -mfpu=fpv4-sp-d16 -mfloat-abi=hard -mthumb -o "Drivers/STM32MP1xx_HAL_Driver/stm32mp1xx_hal.o"
arm-none-eabi-gcc "/home/faruk/Desktop/projects/801.01/SOFTWARE/801.01_fw/801.01/Drivers/STM32MP1xx_HAL_Driver/Src/stm32mp1xx_hal_cortex.c" -mcpu=cortex-m4 -std=gnu11 -g3 -DDEBUG -DCORE_CM4 -DNO_ATOMIC_64_SUPPORT -DMETAL_INTERNAL -DMETAL_MAX_DEVICE_REGIONS=2 -DVIRTIO_SLAVE_ONLY -DUSE_HAL_DRIVER -DSTM32MP157Dxx -c -I../OPENAMP -I../Core/Inc -I../../Middlewares/Third_Party/OpenAMP/open-amp/lib/include -I../../Middlewares/Third_Party/OpenAMP/libmetal/lib/include -I../../Drivers/STM32MP1xx_HAL_Driver/Inc -I../../Drivers/STM32MP1xx_HAL_Driver/Inc/Legacy -I../../Drivers/CMSIS/Device/ST/STM32MP1xx/Include -I../../Middlewares/Third_Party/OpenAMP/virtual_driver -I../../Drivers/CMSIS/Include -O0 -ffunction-sections -fdata-sections -Wall -fstack-usage -fcyclomatic-complexity -MMD -MP -MF"Drivers/STM32MP1xx_HAL_Driver/stm32mp1xx_hal_cortex.d" -MT"Drivers/STM32MP1xx_HAL_Driver/stm32mp1xx_hal_cortex.o" --specs=nano.specs -mfpu=fpv4-sp-d16 -mfloat-abi=hard -mthumb -o "Drivers/STM32MP1xx_HAL_Driver/stm32mp1xx_hal_cortex.o"
arm-none-eabi-gcc "/home/faruk/Desktop/projects/801.01/SOFTWARE/801.01_fw/801.01/Drivers/STM32MP1xx_HAL_Driver/Src/stm32mp1xx_hal_dma.c" -mcpu=cortex-m4 -std=gnu11 -g3 -DDEBUG -DCORE_CM4 -DNO_ATOMIC_64_SUPPORT -DMETAL_INTERNAL -DMETAL_MAX_DEVICE_REGIONS=2 -DVIRTIO_SLAVE_ONLY -DUSE_HAL_DRIVER -DSTM32MP157Dxx -c -I../OPENAMP -I../Core/Inc -I../../Middlewares/Third_Party/OpenAMP/open-amp/lib/include -I../../Middlewares/Third_Party/OpenAMP/libmetal/lib/include -I../../Drivers/STM32MP1xx_HAL_Driver/Inc -I../../Drivers/STM32MP1xx_HAL_Driver/Inc/Legacy -I../../Drivers/CMSIS/Device/ST/STM32MP1xx/Include -I../../Middlewares/Third_Party/OpenAMP/virtual_driver -I../../Drivers/CMSIS/Include -O0 -ffunction-sections -fdata-sections -Wall -fstack-usage -fcyclomatic-complexity -MMD -MP -MF"Drivers/STM32MP1xx_HAL_Driver/stm32mp1xx_hal_dma.d" -MT"Drivers/STM32MP1xx_HAL_Driver/stm32mp1xx_hal_dma.o" --specs=nano.specs -mfpu=fpv4-sp-d16 -mfloat-abi=hard -mthumb -o "Drivers/STM32MP1xx_HAL_Driver/stm32mp1xx_hal_dma.o"
arm-none-eabi-gcc "/home/faruk/Desktop/projects/801.01/SOFTWARE/801.01_fw/801.01/Drivers/STM32MP1xx_HAL_Driver/Src/stm32mp1xx_hal_dma_ex.c" -mcpu=cortex-m4 -std=gnu11 -g3 -DDEBUG -DCORE_CM4 -DNO_ATOMIC_64_SUPPORT -DMETAL_INTERNAL -DMETAL_MAX_DEVICE_REGIONS=2 -DVIRTIO_SLAVE_ONLY -DUSE_HAL_DRIVER -DSTM32MP157Dxx -c -I../OPENAMP -I../Core/Inc -I../../Middlewares/Third_Party/OpenAMP/open-amp/lib/include -I../../Middlewares/Third_Party/OpenAMP/libmetal/lib/include -I../../Drivers/STM32MP1xx_HAL_Driver/Inc -I../../Drivers/STM32MP1xx_HAL_Driver/Inc/Legacy -I../../Drivers/CMSIS/Device/ST/STM32MP1xx/Include -I../../Middlewares/Third_Party/OpenAMP/virtual_driver -I../../Drivers/CMSIS/Include -O0 -ffunction-sections -fdata-sections -Wall -fstack-usage -fcyclomatic-complexity -MMD -MP -MF"Drivers/STM32MP1xx_HAL_Driver/stm32mp1xx_hal_dma_ex.d" -MT"Drivers/STM32MP1xx_HAL_Driver/stm32mp1xx_hal_dma_ex.o" --specs=nano.specs -mfpu=fpv4-sp-d16 -mfloat-abi=hard -mthumb -o "Drivers/STM32MP1xx_HAL_Driver/stm32mp1xx_hal_dma_ex.o"
arm-none-eabi-gcc "/home/faruk/Desktop/projects/801.01/SOFTWARE/801.01_fw/801.01/Drivers/STM32MP1xx_HAL_Driver/Src/stm32mp1xx_hal_exti.c" -mcpu=cortex-m4 -std=gnu11 -g3 -DDEBUG -DCORE_CM4 -DNO_ATOMIC_64_SUPPORT -DMETAL_INTERNAL -DMETAL_MAX_DEVICE_REGIONS=2 -DVIRTIO_SLAVE_ONLY -DUSE_HAL_DRIVER -DSTM32MP157Dxx -c -I../OPENAMP -I../Core/Inc -I../../Middlewares/Third_Party/OpenAMP/open-amp/lib/include -I../../Middlewares/Third_Party/OpenAMP/libmetal/lib/include -I../../Drivers/STM32MP1xx_HAL_Driver/Inc -I../../Drivers/STM32MP1xx_HAL_Driver/Inc/Legacy -I../../Drivers/CMSIS/Device/ST/STM32MP1xx/Include -I../../Middlewares/Third_Party/OpenAMP/virtual_driver -I../../Drivers/CMSIS/Include -O0 -ffunction-sections -fdata-sections -Wall -fstack-usage -fcyclomatic-complexity -MMD -MP -MF"Drivers/STM32MP1xx_HAL_Driver/stm32mp1xx_hal_exti.d" -MT"Drivers/STM32MP1xx_HAL_Driver/stm32mp1xx_hal_exti.o" --specs=nano.specs -mfpu=fpv4-sp-d16 -mfloat-abi=hard -mthumb -o "Drivers/STM32MP1xx_HAL_Driver/stm32mp1xx_hal_exti.o"
arm-none-eabi-gcc "/home/faruk/Desktop/projects/801.01/SOFTWARE/801.01_fw/801.01/Drivers/STM32MP1xx_HAL_Driver/Src/stm32mp1xx_hal_gpio.c" -mcpu=cortex-m4 -std=gnu11 -g3 -DDEBUG -DCORE_CM4 -DNO_ATOMIC_64_SUPPORT -DMETAL_INTERNAL -DMETAL_MAX_DEVICE_REGIONS=2 -DVIRTIO_SLAVE_ONLY -DUSE_HAL_DRIVER -DSTM32MP157Dxx -c -I../OPENAMP -I../Core/Inc -I../../Middlewares/Third_Party/OpenAMP/open-amp/lib/include -I../../Middlewares/Third_Party/OpenAMP/libmetal/lib/include -I../../Drivers/STM32MP1xx_HAL_Driver/Inc -I../../Drivers/STM32MP1xx_HAL_Driver/Inc/Legacy -I../../Drivers/CMSIS/Device/ST/STM32MP1xx/Include -I../../Middlewares/Third_Party/OpenAMP/virtual_driver -I../../Drivers/CMSIS/Include -O0 -ffunction-sections -fdata-sections -Wall -fstack-usage -fcyclomatic-complexity -MMD -MP -MF"Drivers/STM32MP1xx_HAL_Driver/stm32mp1xx_hal_gpio.d" -MT"Drivers/STM32MP1xx_HAL_Driver/stm32mp1xx_hal_gpio.o" --specs=nano.specs -mfpu=fpv4-sp-d16 -mfloat-abi=hard -mthumb -o "Drivers/STM32MP1xx_HAL_Driver/stm32mp1xx_hal_gpio.o"
arm-none-eabi-gcc "/home/faruk/Desktop/projects/801.01/SOFTWARE/801.01_fw/801.01/Drivers/STM32MP1xx_HAL_Driver/Src/stm32mp1xx_hal_hsem.c" -mcpu=cortex-m4 -std=gnu11 -g3 -DDEBUG -DCORE_CM4 -DNO_ATOMIC_64_SUPPORT -DMETAL_INTERNAL -DMETAL_MAX_DEVICE_REGIONS=2 -DVIRTIO_SLAVE_ONLY -DUSE_HAL_DRIVER -DSTM32MP157Dxx -c -I../OPENAMP -I../Core/Inc -I../../Middlewares/Third_Party/OpenAMP/open-amp/lib/include -I../../Middlewares/Third_Party/OpenAMP/libmetal/lib/include -I../../Drivers/STM32MP1xx_HAL_Driver/Inc -I../../Drivers/STM32MP1xx_HAL_Driver/Inc/Legacy -I../../Drivers/CMSIS/Device/ST/STM32MP1xx/Include -I../../Middlewares/Third_Party/OpenAMP/virtual_driver -I../../Drivers/CMSIS/Include -O0 -ffunction-sections -fdata-sections -Wall -fstack-usage -fcyclomatic-complexity -MMD -MP -MF"Drivers/STM32MP1xx_HAL_Driver/stm32mp1xx_hal_hsem.d" -MT"Drivers/STM32MP1xx_HAL_Driver/stm32mp1xx_hal_hsem.o" --specs=nano.specs -mfpu=fpv4-sp-d16 -mfloat-abi=hard -mthumb -o "Drivers/STM32MP1xx_HAL_Driver/stm32mp1xx_hal_hsem.o"
arm-none-eabi-gcc "/home/faruk/Desktop/projects/801.01/SOFTWARE/801.01_fw/801.01/Drivers/STM32MP1xx_HAL_Driver/Src/stm32mp1xx_hal_ipcc.c" -mcpu=cortex-m4 -std=gnu11 -g3 -DDEBUG -DCORE_CM4 -DNO_ATOMIC_64_SUPPORT -DMETAL_INTERNAL -DMETAL_MAX_DEVICE_REGIONS=2 -DVIRTIO_SLAVE_ONLY -DUSE_HAL_DRIVER -DSTM32MP157Dxx -c -I../OPENAMP -I../Core/Inc -I../../Middlewares/Third_Party/OpenAMP/open-amp/lib/include -I../../Middlewares/Third_Party/OpenAMP/libmetal/lib/include -I../../Drivers/STM32MP1xx_HAL_Driver/Inc -I../../Drivers/STM32MP1xx_HAL_Driver/Inc/Legacy -I../../Drivers/CMSIS/Device/ST/STM32MP1xx/Include -I../../Middlewares/Third_Party/OpenAMP/virtual_driver -I../../Drivers/CMSIS/Include -O0 -ffunction-sections -fdata-sections -Wall -fstack-usage -fcyclomatic-complexity -MMD -MP -MF"Drivers/STM32MP1xx_HAL_Driver/stm32mp1xx_hal_ipcc.d" -MT"Drivers/STM32MP1xx_HAL_Driver/stm32mp1xx_hal_ipcc.o" --specs=nano.specs -mfpu=fpv4-sp-d16 -mfloat-abi=hard -mthumb -o "Drivers/STM32MP1xx_HAL_Driver/stm32mp1xx_hal_ipcc.o"
arm-none-eabi-gcc "/home/faruk/Desktop/projects/801.01/SOFTWARE/801.01_fw/801.01/Drivers/STM32MP1xx_HAL_Driver/Src/stm32mp1xx_hal_mdma.c" -mcpu=cortex-m4 -std=gnu11 -g3 -DDEBUG -DCORE_CM4 -DNO_ATOMIC_64_SUPPORT -DMETAL_INTERNAL -DMETAL_MAX_DEVICE_REGIONS=2 -DVIRTIO_SLAVE_ONLY -DUSE_HAL_DRIVER -DSTM32MP157Dxx -c -I../OPENAMP -I../Core/Inc -I../../Middlewares/Third_Party/OpenAMP/open-amp/lib/include -I../../Middlewares/Third_Party/OpenAMP/libmetal/lib/include -I../../Drivers/STM32MP1xx_HAL_Driver/Inc -I../../Drivers/STM32MP1xx_HAL_Driver/Inc/Legacy -I../../Drivers/CMSIS/Device/ST/STM32MP1xx/Include -I../../Middlewares/Third_Party/OpenAMP/virtual_driver -I../../Drivers/CMSIS/Include -O0 -ffunction-sections -fdata-sections -Wall -fstack-usage -fcyclomatic-complexity -MMD -MP -MF"Drivers/STM32MP1xx_HAL_Driver/stm32mp1xx_hal_mdma.d" -MT"Drivers/STM32MP1xx_HAL_Driver/stm32mp1xx_hal_mdma.o" --specs=nano.specs -mfpu=fpv4-sp-d16 -mfloat-abi=hard -mthumb -o "Drivers/STM32MP1xx_HAL_Driver/stm32mp1xx_hal_mdma.o"
arm-none-eabi-gcc "/home/faruk/Desktop/projects/801.01/SOFTWARE/801.01_fw/801.01/Drivers/STM32MP1xx_HAL_Driver/Src/stm32mp1xx_hal_pwr.c" -mcpu=cortex-m4 -std=gnu11 -g3 -DDEBUG -DCORE_CM4 -DNO_ATOMIC_64_SUPPORT -DMETAL_INTERNAL -DMETAL_MAX_DEVICE_REGIONS=2 -DVIRTIO_SLAVE_ONLY -DUSE_HAL_DRIVER -DSTM32MP157Dxx -c -I../OPENAMP -I../Core/Inc -I../../Middlewares/Third_Party/OpenAMP/open-amp/lib/include -I../../Middlewares/Third_Party/OpenAMP/libmetal/lib/include -I../../Drivers/STM32MP1xx_HAL_Driver/Inc -I../../Drivers/STM32MP1xx_HAL_Driver/Inc/Legacy -I../../Drivers/CMSIS/Device/ST/STM32MP1xx/Include -I../../Middlewares/Third_Party/OpenAMP/virtual_driver -I../../Drivers/CMSIS/Include -O0 -ffunction-sections -fdata-sections -Wall -fstack-usage -fcyclomatic-complexity -MMD -MP -MF"Drivers/STM32MP1xx_HAL_Driver/stm32mp1xx_hal_pwr.d" -MT"Drivers/STM32MP1xx_HAL_Driver/stm32mp1xx_hal_pwr.o" --specs=nano.specs -mfpu=fpv4-sp-d16 -mfloat-abi=hard -mthumb -o "Drivers/STM32MP1xx_HAL_Driver/stm32mp1xx_hal_pwr.o"
arm-none-eabi-gcc "/home/faruk/Desktop/projects/801.01/SOFTWARE/801.01_fw/801.01/Drivers/STM32MP1xx_HAL_Driver/Src/stm32mp1xx_hal_pwr_ex.c" -mcpu=cortex-m4 -std=gnu11 -g3 -DDEBUG -DCORE_CM4 -DNO_ATOMIC_64_SUPPORT -DMETAL_INTERNAL -DMETAL_MAX_DEVICE_REGIONS=2 -DVIRTIO_SLAVE_ONLY -DUSE_HAL_DRIVER -DSTM32MP157Dxx -c -I../OPENAMP -I../Core/Inc -I../../Middlewares/Third_Party/OpenAMP/open-amp/lib/include -I../../Middlewares/Third_Party/OpenAMP/libmetal/lib/include -I../../Drivers/STM32MP1xx_HAL_Driver/Inc -I../../Drivers/STM32MP1xx_HAL_Driver/Inc/Legacy -I../../Drivers/CMSIS/Device/ST/STM32MP1xx/Include -I../../Middlewares/Third_Party/OpenAMP/virtual_driver -I../../Drivers/CMSIS/Include -O0 -ffunction-sections -fdata-sections -Wall -fstack-usage -fcyclomatic-complexity -MMD -MP -MF"Drivers/STM32MP1xx_HAL_Driver/stm32mp1xx_hal_pwr_ex.d" -MT"Drivers/STM32MP1xx_HAL_Driver/stm32mp1xx_hal_pwr_ex.o" --specs=nano.specs -mfpu=fpv4-sp-d16 -mfloat-abi=hard -mthumb -o "Drivers/STM32MP1xx_HAL_Driver/stm32mp1xx_hal_pwr_ex.o"
arm-none-eabi-gcc "/home/faruk/Desktop/projects/801.01/SOFTWARE/801.01_fw/801.01/Drivers/STM32MP1xx_HAL_Driver/Src/stm32mp1xx_hal_rcc.c" -mcpu=cortex-m4 -std=gnu11 -g3 -DDEBUG -DCORE_CM4 -DNO_ATOMIC_64_SUPPORT -DMETAL_INTERNAL -DMETAL_MAX_DEVICE_REGIONS=2 -DVIRTIO_SLAVE_ONLY -DUSE_HAL_DRIVER -DSTM32MP157Dxx -c -I../OPENAMP -I../Core/Inc -I../../Middlewares/Third_Party/OpenAMP/open-amp/lib/include -I../../Middlewares/Third_Party/OpenAMP/libmetal/lib/include -I../../Drivers/STM32MP1xx_HAL_Driver/Inc -I../../Drivers/STM32MP1xx_HAL_Driver/Inc/Legacy -I../../Drivers/CMSIS/Device/ST/STM32MP1xx/Include -I../../Middlewares/Third_Party/OpenAMP/virtual_driver -I../../Drivers/CMSIS/Include -O0 -ffunction-sections -fdata-sections -Wall -fstack-usage -fcyclomatic-complexity -MMD -MP -MF"Drivers/STM32MP1xx_HAL_Driver/stm32mp1xx_hal_rcc.d" -MT"Drivers/STM32MP1xx_HAL_Driver/stm32mp1xx_hal_rcc.o" --specs=nano.specs -mfpu=fpv4-sp-d16 -mfloat-abi=hard -mthumb -o "Drivers/STM32MP1xx_HAL_Driver/stm32mp1xx_hal_rcc.o"
arm-none-eabi-gcc "/home/faruk/Desktop/projects/801.01/SOFTWARE/801.01_fw/801.01/Drivers/STM32MP1xx_HAL_Driver/Src/stm32mp1xx_hal_rcc_ex.c" -mcpu=cortex-m4 -std=gnu11 -g3 -DDEBUG -DCORE_CM4 -DNO_ATOMIC_64_SUPPORT -DMETAL_INTERNAL -DMETAL_MAX_DEVICE_REGIONS=2 -DVIRTIO_SLAVE_ONLY -DUSE_HAL_DRIVER -DSTM32MP157Dxx -c -I../OPENAMP -I../Core/Inc -I../../Middlewares/Third_Party/OpenAMP/open-amp/lib/include -I../../Middlewares/Third_Party/OpenAMP/libmetal/lib/include -I../../Drivers/STM32MP1xx_HAL_Driver/Inc -I../../Drivers/STM32MP1xx_HAL_Driver/Inc/Legacy -I../../Drivers/CMSIS/Device/ST/STM32MP1xx/Include -I../../Middlewares/Third_Party/OpenAMP/virtual_driver -I../../Drivers/CMSIS/Include -O0 -ffunction-sections -fdata-sections -Wall -fstack-usage -fcyclomatic-complexity -MMD -MP -MF"Drivers/STM32MP1xx_HAL_Driver/stm32mp1xx_hal_rcc_ex.d" -MT"Drivers/STM32MP1xx_HAL_Driver/stm32mp1xx_hal_rcc_ex.o" --specs=nano.specs -mfpu=fpv4-sp-d16 -mfloat-abi=hard -mthumb -o "Drivers/STM32MP1xx_HAL_Driver/stm32mp1xx_hal_rcc_ex.o"
arm-none-eabi-gcc "/home/faruk/Desktop/projects/801.01/SOFTWARE/801.01_fw/801.01/Drivers/STM32MP1xx_HAL_Driver/Src/stm32mp1xx_hal_tim.c" -mcpu=cortex-m4 -std=gnu11 -g3 -DDEBUG -DCORE_CM4 -DNO_ATOMIC_64_SUPPORT -DMETAL_INTERNAL -DMETAL_MAX_DEVICE_REGIONS=2 -DVIRTIO_SLAVE_ONLY -DUSE_HAL_DRIVER -DSTM32MP157Dxx -c -I../OPENAMP -I../Core/Inc -I../../Middlewares/Third_Party/OpenAMP/open-amp/lib/include -I../../Middlewares/Third_Party/OpenAMP/libmetal/lib/include -I../../Drivers/STM32MP1xx_HAL_Driver/Inc -I../../Drivers/STM32MP1xx_HAL_Driver/Inc/Legacy -I../../Drivers/CMSIS/Device/ST/STM32MP1xx/Include -I../../Middlewares/Third_Party/OpenAMP/virtual_driver -I../../Drivers/CMSIS/Include -O0 -ffunction-sections -fdata-sections -Wall -fstack-usage -fcyclomatic-complexity -MMD -MP -MF"Drivers/STM32MP1xx_HAL_Driver/stm32mp1xx_hal_tim.d" -MT"Drivers/STM32MP1xx_HAL_Driver/stm32mp1xx_hal_tim.o" --specs=nano.specs -mfpu=fpv4-sp-d16 -mfloat-abi=hard -mthumb -o "Drivers/STM32MP1xx_HAL_Driver/stm32mp1xx_hal_tim.o"
arm-none-eabi-gcc "/home/faruk/Desktop/projects/801.01/SOFTWARE/801.01_fw/801.01/Drivers/STM32MP1xx_HAL_Driver/Src/stm32mp1xx_hal_tim_ex.c" -mcpu=cortex-m4 -std=gnu11 -g3 -DDEBUG -DCORE_CM4 -DNO_ATOMIC_64_SUPPORT -DMETAL_INTERNAL -DMETAL_MAX_DEVICE_REGIONS=2 -DVIRTIO_SLAVE_ONLY -DUSE_HAL_DRIVER -DSTM32MP157Dxx -c -I../OPENAMP -I../Core/Inc -I../../Middlewares/Third_Party/OpenAMP/open-amp/lib/include -I../../Middlewares/Third_Party/OpenAMP/libmetal/lib/include -I../../Drivers/STM32MP1xx_HAL_Driver/Inc -I../../Drivers/STM32MP1xx_HAL_Driver/Inc/Legacy -I../../Drivers/CMSIS/Device/ST/STM32MP1xx/Include -I../../Middlewares/Third_Party/OpenAMP/virtual_driver -I../../Drivers/CMSIS/Include -O0 -ffunction-sections -fdata-sections -Wall -fstack-usage -fcyclomatic-complexity -MMD -MP -MF"Drivers/STM32MP1xx_HAL_Driver/stm32mp1xx_hal_tim_ex.d" -MT"Drivers/STM32MP1xx_HAL_Driver/stm32mp1xx_hal_tim_ex.o" --specs=nano.specs -mfpu=fpv4-sp-d16 -mfloat-abi=hard -mthumb -o "Drivers/STM32MP1xx_HAL_Driver/stm32mp1xx_hal_tim_ex.o"
arm-none-eabi-gcc -mcpu=cortex-m4 -g3 -DDEBUG -c -x assembler-with-cpp -MMD -MP -MF"Core/Startup/startup_stm32mp157dacx.d" -MT"Core/Startup/startup_stm32mp157dacx.o" --specs=nano.specs -mfpu=fpv4-sp-d16 -mfloat-abi=hard -mthumb -o "Core/Startup/startup_stm32mp157dacx.o" "../Core/Startup/startup_stm32mp157dacx.s"
arm-none-eabi-gcc "../Core/Src/dma.c" -mcpu=cortex-m4 -std=gnu11 -g3 -DDEBUG -DCORE_CM4 -DNO_ATOMIC_64_SUPPORT -DMETAL_INTERNAL -DMETAL_MAX_DEVICE_REGIONS=2 -DVIRTIO_SLAVE_ONLY -DUSE_HAL_DRIVER -DSTM32MP157Dxx -c -I../OPENAMP -I../Core/Inc -I../../Middlewares/Third_Party/OpenAMP/open-amp/lib/include -I../../Middlewares/Third_Party/OpenAMP/libmetal/lib/include -I../../Drivers/STM32MP1xx_HAL_Driver/Inc -I../../Drivers/STM32MP1xx_HAL_Driver/Inc/Legacy -I../../Drivers/CMSIS/Device/ST/STM32MP1xx/Include -I../../Middlewares/Third_Party/OpenAMP/virtual_driver -I../../Drivers/CMSIS/Include -O0 -ffunction-sections -fdata-sections -Wall -fstack-usage -fcyclomatic-complexity -MMD -MP -MF"Core/Src/dma.d" -MT"Core/Src/dma.o" --specs=nano.specs -mfpu=fpv4-sp-d16 -mfloat-abi=hard -mthumb -o "Core/Src/dma.o"
arm-none-eabi-gcc "../Core/Src/gpio.c" -mcpu=cortex-m4 -std=gnu11 -g3 -DDEBUG -DCORE_CM4 -DNO_ATOMIC_64_SUPPORT -DMETAL_INTERNAL -DMETAL_MAX_DEVICE_REGIONS=2 -DVIRTIO_SLAVE_ONLY -DUSE_HAL_DRIVER -DSTM32MP157Dxx -c -I../OPENAMP -I../Core/Inc -I../../Middlewares/Third_Party/OpenAMP/open-amp/lib/include -I../../Middlewares/Third_Party/OpenAMP/libmetal/lib/include -I../../Drivers/STM32MP1xx_HAL_Driver/Inc -I../../Drivers/STM32MP1xx_HAL_Driver/Inc/Legacy -I../../Drivers/CMSIS/Device/ST/STM32MP1xx/Include -I../../Middlewares/Third_Party/OpenAMP/virtual_driver -I../../Drivers/CMSIS/Include -O0 -ffunction-sections -fdata-sections -Wall -fstack-usage -fcyclomatic-complexity -MMD -MP -MF"Core/Src/gpio.d" -MT"Core/Src/gpio.o" --specs=nano.specs -mfpu=fpv4-sp-d16 -mfloat-abi=hard -mthumb -o "Core/Src/gpio.o"
arm-none-eabi-gcc "../Core/Src/ipcc.c" -mcpu=cortex-m4 -std=gnu11 -g3 -DDEBUG -DCORE_CM4 -DNO_ATOMIC_64_SUPPORT -DMETAL_INTERNAL -DMETAL_MAX_DEVICE_REGIONS=2 -DVIRTIO_SLAVE_ONLY -DUSE_HAL_DRIVER -DSTM32MP157Dxx -c -I../OPENAMP -I../Core/Inc -I../../Middlewares/Third_Party/OpenAMP/open-amp/lib/include -I../../Middlewares/Third_Party/OpenAMP/libmetal/lib/include -I../../Drivers/STM32MP1xx_HAL_Driver/Inc -I../../Drivers/STM32MP1xx_HAL_Driver/Inc/Legacy -I../../Drivers/CMSIS/Device/ST/STM32MP1xx/Include -I../../Middlewares/Third_Party/OpenAMP/virtual_driver -I../../Drivers/CMSIS/Include -O0 -ffunction-sections -fdata-sections -Wall -fstack-usage -fcyclomatic-complexity -MMD -MP -MF"Core/Src/ipcc.d" -MT"Core/Src/ipcc.o" --specs=nano.specs -mfpu=fpv4-sp-d16 -mfloat-abi=hard -mthumb -o "Core/Src/ipcc.o"
arm-none-eabi-gcc "../Core/Src/main.c" -mcpu=cortex-m4 -std=gnu11 -g3 -DDEBUG -DCORE_CM4 -DNO_ATOMIC_64_SUPPORT -DMETAL_INTERNAL -DMETAL_MAX_DEVICE_REGIONS=2 -DVIRTIO_SLAVE_ONLY -DUSE_HAL_DRIVER -DSTM32MP157Dxx -c -I../OPENAMP -I../Core/Inc -I../../Middlewares/Third_Party/OpenAMP/open-amp/lib/include -I../../Middlewares/Third_Party/OpenAMP/libmetal/lib/include -I../../Drivers/STM32MP1xx_HAL_Driver/Inc -I../../Drivers/STM32MP1xx_HAL_Driver/Inc/Legacy -I../../Drivers/CMSIS/Device/ST/STM32MP1xx/Include -I../../Middlewares/Third_Party/OpenAMP/virtual_driver -I../../Drivers/CMSIS/Include -O0 -ffunction-sections -fdata-sections -Wall -fstack-usage -fcyclomatic-complexity -MMD -MP -MF"Core/Src/main.d" -MT"Core/Src/main.o" --specs=nano.specs -mfpu=fpv4-sp-d16 -mfloat-abi=hard -mthumb -o "Core/Src/main.o"
arm-none-eabi-gcc "../Core/Src/stm32mp1xx_hal_msp.c" -mcpu=cortex-m4 -std=gnu11 -g3 -DDEBUG -DCORE_CM4 -DNO_ATOMIC_64_SUPPORT -DMETAL_INTERNAL -DMETAL_MAX_DEVICE_REGIONS=2 -DVIRTIO_SLAVE_ONLY -DUSE_HAL_DRIVER -DSTM32MP157Dxx -c -I../OPENAMP -I../Core/Inc -I../../Middlewares/Third_Party/OpenAMP/open-amp/lib/include -I../../Middlewares/Third_Party/OpenAMP/libmetal/lib/include -I../../Drivers/STM32MP1xx_HAL_Driver/Inc -I../../Drivers/STM32MP1xx_HAL_Driver/Inc/Legacy -I../../Drivers/CMSIS/Device/ST/STM32MP1xx/Include -I../../Middlewares/Third_Party/OpenAMP/virtual_driver -I../../Drivers/CMSIS/Include -O0 -ffunction-sections -fdata-sections -Wall -fstack-usage -fcyclomatic-complexity -MMD -MP -MF"Core/Src/stm32mp1xx_hal_msp.d" -MT"Core/Src/stm32mp1xx_hal_msp.o" --specs=nano.specs -mfpu=fpv4-sp-d16 -mfloat-abi=hard -mthumb -o "Core/Src/stm32mp1xx_hal_msp.o"
arm-none-eabi-gcc "../Core/Src/stm32mp1xx_it.c" -mcpu=cortex-m4 -std=gnu11 -g3 -DDEBUG -DCORE_CM4 -DNO_ATOMIC_64_SUPPORT -DMETAL_INTERNAL -DMETAL_MAX_DEVICE_REGIONS=2 -DVIRTIO_SLAVE_ONLY -DUSE_HAL_DRIVER -DSTM32MP157Dxx -c -I../OPENAMP -I../Core/Inc -I../../Middlewares/Third_Party/OpenAMP/open-amp/lib/include -I../../Middlewares/Third_Party/OpenAMP/libmetal/lib/include -I../../Drivers/STM32MP1xx_HAL_Driver/Inc -I../../Drivers/STM32MP1xx_HAL_Driver/Inc/Legacy -I../../Drivers/CMSIS/Device/ST/STM32MP1xx/Include -I../../Middlewares/Third_Party/OpenAMP/virtual_driver -I../../Drivers/CMSIS/Include -O0 -ffunction-sections -fdata-sections -Wall -fstack-usage -fcyclomatic-complexity -MMD -MP -MF"Core/Src/stm32mp1xx_it.d" -MT"Core/Src/stm32mp1xx_it.o" --specs=nano.specs -mfpu=fpv4-sp-d16 -mfloat-abi=hard -mthumb -o "Core/Src/stm32mp1xx_it.o"
arm-none-eabi-gcc "../Core/Src/syscalls.c" -mcpu=cortex-m4 -std=gnu11 -g3 -DDEBUG -DCORE_CM4 -DNO_ATOMIC_64_SUPPORT -DMETAL_INTERNAL -DMETAL_MAX_DEVICE_REGIONS=2 -DVIRTIO_SLAVE_ONLY -DUSE_HAL_DRIVER -DSTM32MP157Dxx -c -I../OPENAMP -I../Core/Inc -I../../Middlewares/Third_Party/OpenAMP/open-amp/lib/include -I../../Middlewares/Third_Party/OpenAMP/libmetal/lib/include -I../../Drivers/STM32MP1xx_HAL_Driver/Inc -I../../Drivers/STM32MP1xx_HAL_Driver/Inc/Legacy -I../../Drivers/CMSIS/Device/ST/STM32MP1xx/Include -I../../Middlewares/Third_Party/OpenAMP/virtual_driver -I../../Drivers/CMSIS/Include -O0 -ffunction-sections -fdata-sections -Wall -fstack-usage -fcyclomatic-complexity -MMD -MP -MF"Core/Src/syscalls.d" -MT"Core/Src/syscalls.o" --specs=nano.specs -mfpu=fpv4-sp-d16 -mfloat-abi=hard -mthumb -o "Core/Src/syscalls.o"
arm-none-eabi-gcc "../Core/Src/sysmem.c" -mcpu=cortex-m4 -std=gnu11 -g3 -DDEBUG -DCORE_CM4 -DNO_ATOMIC_64_SUPPORT -DMETAL_INTERNAL -DMETAL_MAX_DEVICE_REGIONS=2 -DVIRTIO_SLAVE_ONLY -DUSE_HAL_DRIVER -DSTM32MP157Dxx -c -I../OPENAMP -I../Core/Inc -I../../Middlewares/Third_Party/OpenAMP/open-amp/lib/include -I../../Middlewares/Third_Party/OpenAMP/libmetal/lib/include -I../../Drivers/STM32MP1xx_HAL_Driver/Inc -I../../Drivers/STM32MP1xx_HAL_Driver/Inc/Legacy -I../../Drivers/CMSIS/Device/ST/STM32MP1xx/Include -I../../Middlewares/Third_Party/OpenAMP/virtual_driver -I../../Drivers/CMSIS/Include -O0 -ffunction-sections -fdata-sections -Wall -fstack-usage -fcyclomatic-complexity -MMD -MP -MF"Core/Src/sysmem.d" -MT"Core/Src/sysmem.o" --specs=nano.specs -mfpu=fpv4-sp-d16 -mfloat-abi=hard -mthumb -o "Core/Src/sysmem.o"
arm-none-eabi-gcc "/home/faruk/Desktop/projects/801.01/SOFTWARE/801.01_fw/801.01/Common/System/system_stm32mp1xx.c" -mcpu=cortex-m4 -std=gnu11 -g3 -DDEBUG -DCORE_CM4 -DNO_ATOMIC_64_SUPPORT -DMETAL_INTERNAL -DMETAL_MAX_DEVICE_REGIONS=2 -DVIRTIO_SLAVE_ONLY -DUSE_HAL_DRIVER -DSTM32MP157Dxx -c -I../OPENAMP -I../Core/Inc -I../../Middlewares/Third_Party/OpenAMP/open-amp/lib/include -I../../Middlewares/Third_Party/OpenAMP/libmetal/lib/include -I../../Drivers/STM32MP1xx_HAL_Driver/Inc -I../../Drivers/STM32MP1xx_HAL_Driver/Inc/Legacy -I../../Drivers/CMSIS/Device/ST/STM32MP1xx/Include -I../../Middlewares/Third_Party/OpenAMP/virtual_driver -I../../Drivers/CMSIS/Include -O0 -ffunction-sections -fdata-sections -Wall -fstack-usage -fcyclomatic-complexity -MMD -MP -MF"Common/System/system_stm32mp1xx.d" -MT"Common/System/system_stm32mp1xx.o" --specs=nano.specs -mfpu=fpv4-sp-d16 -mfloat-abi=hard -mthumb -o "Common/System/system_stm32mp1xx.o"
arm-none-eabi-gcc -o "801.01_CM4.elf" @"objects.list"   -mcpu=cortex-m4 -T"/home/faruk/Desktop/projects/801.01/SOFTWARE/801.01_fw/801.01/CM4/STM32MP157DACX_RAM.ld" --specs=nosys.specs -Wl,-Map="801.01_CM4.map" -Wl,--gc-sections -static --specs=nano.specs -mfpu=fpv4-sp-d16 -mfloat-abi=hard -mthumb -Wl,--start-group -lc -lm -Wl,--end-group
Finished building target: 801.01_CM4.elf
 
arm-none-eabi-size  801.01_CM4.elf 
arm-none-eabi-objdump -h -S 801.01_CM4.elf  > "801.01_CM4.list"
   text	   data	    bss	    dec	    hex	filename
  33416	    288	   2172	  35876	   8c24	801.01_CM4.elf
Finished building: default.size.stdout
 
Finished building: 801.01_CM4.list
 
19:09:30 **** Build of configuration Default for project fw ****
make all 
Wrapper for /home/faruk/st/stm32cubeide_1.16.0/plugins/com.st.stm32cube.ide.mpu.linux.toolchain_2.1.0.202305092038/tools/bin/make
FIP_DEPLOYDIR_ROOT: /home/faruk/Desktop/projects/801.01/SOFTWARE/801.01_fw/801.01/CA7/fw/Default/../../FIP_artifacts
+ case "$command" in
+ exec make all
Building file: ../main.c
Invoking: MPU GCC Compiler
arm-ostl-linux-gnueabi-gcc  -mthumb -mfpu=neon-vfpv4 -mfloat-abi=hard -mcpu=cortex-a7 --sysroot=/opt/st/stm32mp1/4.2.4-openstlinux-6.1-yocto-mickledore-mpu-v24.06.26/sysroots/cortexa7t2hf-neon-vfpv4-ostl-linux-gnueabi "../main.c" -std=gnu11 -g3 -c -Og -ffunction-sections -fdata-sections -Wall -fstack-usage -MMD -MP -MF"main.d" -MT"main.o" -o "main.o"
Finished building: ../main.c
 
Building target: fw
Invoking: MPU GCC Linker
arm-ostl-linux-gnueabi-gcc  -mthumb -mfpu=neon-vfpv4 -mfloat-abi=hard -mcpu=cortex-a7 --sysroot=/opt/st/stm32mp1/4.2.4-openstlinux-6.1-yocto-mickledore-mpu-v24.06.26/sysroots/cortexa7t2hf-neon-vfpv4-ostl-linux-gnueabi -o "fw" ./main.o    -Wl,-Map="fw.map" -Wl,--gc-sections
Finished building target: fw
 
19:09:53 **** Incremental Build of configuration Default for project fw ****
make all 
Wrapper for /home/faruk/st/stm32cubeide_1.16.0/plugins/com.st.stm32cube.ide.mpu.linux.toolchain_2.1.0.202305092038/tools/bin/make
FIP_DEPLOYDIR_ROOT: /home/faruk/Desktop/projects/801.01/SOFTWARE/801.01_fw/801.01/CA7/fw/Default/../../FIP_artifacts
+ case "$command" in
+ exec make all
make: Nothing to be done for 'all'.
19:10:00 **** Incremental Build of configuration Default for project fw ****
make all 
Wrapper for /home/faruk/st/stm32cubeide_1.16.0/plugins/com.st.stm32cube.ide.mpu.linux.toolchain_2.1.0.202305092038/tools/bin/make
FIP_DEPLOYDIR_ROOT: /home/faruk/Desktop/projects/801.01/SOFTWARE/801.01_fw/801.01/CA7/fw/Default/../../FIP_artifacts
+ case "$command" in
+ exec make all
make: Nothing to be done for 'all'.
19:10:04 **** Incremental Build of configuration Debug for project 801.01_CM4 ****
make -j32 all 
arm-none-eabi-size  801.01_CM4.elf 
   text	   data	    bss	    dec	    hex	filename
  33416	    288	   2172	  35876	   8c24	801.01_CM4.elf
Finished building: default.size.stdout
 
19:10:05 **** Incremental Build of configuration Default for project fw ****
make all 
Wrapper for /home/faruk/st/stm32cubeide_1.16.0/plugins/com.st.stm32cube.ide.mpu.linux.toolchain_2.1.0.202305092038/tools/bin/make
FIP_DEPLOYDIR_ROOT: /home/faruk/Desktop/projects/801.01/SOFTWARE/801.01_fw/801.01/CA7/fw/Default/../../FIP_artifacts
+ case "$command" in
+ exec make all
make: Nothing to be done for 'all'.
19:10:37 **** Incremental Build of configuration Default for project fw ****
make all 
Wrapper for /home/faruk/st/stm32cubeide_1.16.0/plugins/com.st.stm32cube.ide.mpu.linux.toolchain_2.1.0.202305092038/tools/bin/make
FIP_DEPLOYDIR_ROOT: /home/faruk/Desktop/projects/801.01/SOFTWARE/801.01_fw/801.01/CA7/fw/Default/../../FIP_artifacts
+ case "$command" in
+ exec make all
make: Nothing to be done for 'all'.
19:10:51 **** Incremental Build of configuration Debug for project 801.01_CM4 ****
make -j32 all 
arm-none-eabi-size  801.01_CM4.elf 
   text	   data	    bss	    dec	    hex	filename
  33416	    288	   2172	  35876	   8c24	801.01_CM4.elf
Finished building: default.size.stdout
 
19:10:51 **** Incremental Build of configuration Default for project fw ****
make all 
Wrapper for /home/faruk/st/stm32cubeide_1.16.0/plugins/com.st.stm32cube.ide.mpu.linux.toolchain_2.1.0.202305092038/tools/bin/make
FIP_DEPLOYDIR_ROOT: /home/faruk/Desktop/projects/801.01/SOFTWARE/801.01_fw/801.01/CA7/fw/Default/../../FIP_artifacts
+ case "$command" in
+ exec make all
make: Nothing to be done for 'all'.
19:10:54 **** Incremental Build of configuration Default for project fw ****
make all 
Wrapper for /home/faruk/st/stm32cubeide_1.16.0/plugins/com.st.stm32cube.ide.mpu.linux.toolchain_2.1.0.202305092038/tools/bin/make
FIP_DEPLOYDIR_ROOT: /home/faruk/Desktop/projects/801.01/SOFTWARE/801.01_fw/801.01/CA7/fw/Default/../../FIP_artifacts
+ case "$command" in
+ exec make all
make: Nothing to be done for 'all'.
19:11:20 **** Incremental Build of configuration Default for project fw ****
make all 
Wrapper for /home/faruk/st/stm32cubeide_1.16.0/plugins/com.st.stm32cube.ide.mpu.linux.toolchain_2.1.0.202305092038/tools/bin/make
FIP_DEPLOYDIR_ROOT: /home/faruk/Desktop/projects/801.01/SOFTWARE/801.01_fw/801.01/CA7/fw/Default/../../FIP_artifacts
+ case "$command" in
+ exec make all
make: Nothing to be done for 'all'.
19:11:34 **** Incremental Build of configuration Default for project fw ****
make all 
Wrapper for /home/faruk/st/stm32cubeide_1.16.0/plugins/com.st.stm32cube.ide.mpu.linux.toolchain_2.1.0.202305092038/tools/bin/make
FIP_DEPLOYDIR_ROOT: /home/faruk/Desktop/projects/801.01/SOFTWARE/801.01_fw/801.01/CA7/fw/Default/../../FIP_artifacts
+ case "$command" in
+ exec make all
make: Nothing to be done for 'all'.
19:11:48 **** Incremental Build of configuration Default for project fw ****
make all 
Wrapper for /home/faruk/st/stm32cubeide_1.16.0/plugins/com.st.stm32cube.ide.mpu.linux.toolchain_2.1.0.202305092038/tools/bin/make
FIP_DEPLOYDIR_ROOT: /home/faruk/Desktop/projects/801.01/SOFTWARE/801.01_fw/801.01/CA7/fw/Default/../../FIP_artifacts
+ case "$command" in
+ exec make all
make: Nothing to be done for 'all'.
20:15:24 **** Incremental Build of configuration Default for project fw ****
make all 
Wrapper for /home/faruk/st/stm32cubeide_1.16.0/plugins/com.st.stm32cube.ide.mpu.linux.toolchain_2.1.0.202305092038/tools/bin/make
FIP_DEPLOYDIR_ROOT: /home/faruk/Desktop/projects/801.01/SOFTWARE/801.01_fw/801.01/CA7/fw/Default/../../FIP_artifacts
+ case "$command" in
+ exec make all
Building file: ../main.c
Invoking: MPU GCC Compiler
arm-ostl-linux-gnueabi-gcc  -mthumb -mfpu=neon-vfpv4 -mfloat-abi=hard -mcpu=cortex-a7 --sysroot=/opt/st/stm32mp1/4.2.4-openstlinux-6.1-yocto-mickledore-mpu-v24.06.26/sysroots/cortexa7t2hf-neon-vfpv4-ostl-linux-gnueabi "../main.c" -std=gnu11 -g3 -c -Og -ffunction-sections -fdata-sections -Wall -fstack-usage -MMD -MP -MF"main.d" -MT"main.o" -o "main.o"
Finished building: ../main.c
 
Building target: fw
Invoking: MPU GCC Linker
arm-ostl-linux-gnueabi-gcc  -mthumb -mfpu=neon-vfpv4 -mfloat-abi=hard -mcpu=cortex-a7 --sysroot=/opt/st/stm32mp1/4.2.4-openstlinux-6.1-yocto-mickledore-mpu-v24.06.26/sysroots/cortexa7t2hf-neon-vfpv4-ostl-linux-gnueabi -o "fw" ./main.o    -Wl,-Map="fw.map" -Wl,--gc-sections
Finished building target: fw
 
20:15:41 **** Incremental Build of configuration Default for project fw ****
make all 
Wrapper for /home/faruk/st/stm32cubeide_1.16.0/plugins/com.st.stm32cube.ide.mpu.linux.toolchain_2.1.0.202305092038/tools/bin/make
FIP_DEPLOYDIR_ROOT: /home/faruk/Desktop/projects/801.01/SOFTWARE/801.01_fw/801.01/CA7/fw/Default/../../FIP_artifacts
+ case "$command" in
+ exec make all
make: Nothing to be done for 'all'.
20:15:43 **** Incremental Build of configuration Default for project fw ****
make all 
Wrapper for /home/faruk/st/stm32cubeide_1.16.0/plugins/com.st.stm32cube.ide.mpu.linux.toolchain_2.1.0.202305092038/tools/bin/make
FIP_DEPLOYDIR_ROOT: /home/faruk/Desktop/projects/801.01/SOFTWARE/801.01_fw/801.01/CA7/fw/Default/../../FIP_artifacts
+ case "$command" in
+ exec make all
make: Nothing to be done for 'all'.
20:16:08 **** Incremental Build of configuration Default for project fw ****
make all 
Wrapper for /home/faruk/st/stm32cubeide_1.16.0/plugins/com.st.stm32cube.ide.mpu.linux.toolchain_2.1.0.202305092038/tools/bin/make
FIP_DEPLOYDIR_ROOT: /home/faruk/Desktop/projects/801.01/SOFTWARE/801.01_fw/801.01/CA7/fw/Default/../../FIP_artifacts
+ case "$command" in
+ exec make all
make: Nothing to be done for 'all'.
20:16:24 **** Incremental Build of configuration Default for project fw ****
make all 
Wrapper for /home/faruk/st/stm32cubeide_1.16.0/plugins/com.st.stm32cube.ide.mpu.linux.toolchain_2.1.0.202305092038/tools/bin/make
FIP_DEPLOYDIR_ROOT: /home/faruk/Desktop/projects/801.01/SOFTWARE/801.01_fw/801.01/CA7/fw/Default/../../FIP_artifacts
+ case "$command" in
+ exec make all
make: Nothing to be done for 'all'.
20:16:47 **** Incremental Build of configuration Default for project fw ****
make all 
Wrapper for /home/faruk/st/stm32cubeide_1.16.0/plugins/com.st.stm32cube.ide.mpu.linux.toolchain_2.1.0.202305092038/tools/bin/make
FIP_DEPLOYDIR_ROOT: /home/faruk/Desktop/projects/801.01/SOFTWARE/801.01_fw/801.01/CA7/fw/Default/../../FIP_artifacts
+ case "$command" in
+ exec make all
make: Nothing to be done for 'all'.
20:16:51 **** Incremental Build of configuration Default for project fw ****
make all 
Wrapper for /home/faruk/st/stm32cubeide_1.16.0/plugins/com.st.stm32cube.ide.mpu.linux.toolchain_2.1.0.202305092038/tools/bin/make
FIP_DEPLOYDIR_ROOT: /home/faruk/Desktop/projects/801.01/SOFTWARE/801.01_fw/801.01/CA7/fw/Default/../../FIP_artifacts
+ case "$command" in
+ exec make all
make: Nothing to be done for 'all'.
20:17:06 **** Incremental Build of configuration Default for project fw ****
make all 
Wrapper for /home/faruk/st/stm32cubeide_1.16.0/plugins/com.st.stm32cube.ide.mpu.linux.toolchain_2.1.0.202305092038/tools/bin/make
FIP_DEPLOYDIR_ROOT: /home/faruk/Desktop/projects/801.01/SOFTWARE/801.01_fw/801.01/CA7/fw/Default/../../FIP_artifacts
make: Nothing to be done for 'all'.
+ case "$command" in
+ exec make all
20:17:48 **** Incremental Build of configuration Debug for project 801.01_CM4 ****
make -j32 all 
arm-none-eabi-size  801.01_CM4.elf 
   text	   data	    bss	    dec	    hex	filename
  33416	    288	   2172	  35876	   8c24	801.01_CM4.elf
Finished building: default.size.stdout
 
20:17:48 **** Incremental Build of configuration Default for project fw ****
make all 
Wrapper for /home/faruk/st/stm32cubeide_1.16.0/plugins/com.st.stm32cube.ide.mpu.linux.toolchain_2.1.0.202305092038/tools/bin/make
FIP_DEPLOYDIR_ROOT: /home/faruk/Desktop/projects/801.01/SOFTWARE/801.01_fw/801.01/CA7/fw/Default/../../FIP_artifacts
+ case "$command" in
+ exec make all
Building file: ../main.c
Invoking: MPU GCC Compiler
arm-ostl-linux-gnueabi-gcc  -mthumb -mfpu=neon-vfpv4 -mfloat-abi=hard -mcpu=cortex-a7 --sysroot=/opt/st/stm32mp1/4.2.4-openstlinux-6.1-yocto-mickledore-mpu-v24.06.26/sysroots/cortexa7t2hf-neon-vfpv4-ostl-linux-gnueabi "../main.c" -std=gnu11 -g3 -c -Og -ffunction-sections -fdata-sections -Wall -fstack-usage -MMD -MP -MF"main.d" -MT"main.o" -o "main.o"
Finished building: ../main.c
 
Building target: fw
Invoking: MPU GCC Linker
arm-ostl-linux-gnueabi-gcc  -mthumb -mfpu=neon-vfpv4 -mfloat-abi=hard -mcpu=cortex-a7 --sysroot=/opt/st/stm32mp1/4.2.4-openstlinux-6.1-yocto-mickledore-mpu-v24.06.26/sysroots/cortexa7t2hf-neon-vfpv4-ostl-linux-gnueabi -o "fw" ./main.o    -Wl,-Map="fw.map" -Wl,--gc-sections
Finished building target: fw
 
20:17:52 **** Incremental Build of configuration Default for project fw ****
make all 
Wrapper for /home/faruk/st/stm32cubeide_1.16.0/plugins/com.st.stm32cube.ide.mpu.linux.toolchain_2.1.0.202305092038/tools/bin/make
FIP_DEPLOYDIR_ROOT: /home/faruk/Desktop/projects/801.01/SOFTWARE/801.01_fw/801.01/CA7/fw/Default/../../FIP_artifacts
+ case "$command" in
+ exec make all
make: Nothing to be done for 'all'.
20:19:20 **** Incremental Build of configuration Debug for project 801.01_CM4 ****
make -j32 all 
arm-none-eabi-size  801.01_CM4.elf 
   text	   data	    bss	    dec	    hex	filename
  33416	    288	   2172	  35876	   8c24	801.01_CM4.elf
Finished building: default.size.stdout
 
20:19:20 **** Incremental Build of configuration Default for project fw ****
make all 
Wrapper for /home/faruk/st/stm32cubeide_1.16.0/plugins/com.st.stm32cube.ide.mpu.linux.toolchain_2.1.0.202305092038/tools/bin/make
FIP_DEPLOYDIR_ROOT: /home/faruk/Desktop/projects/801.01/SOFTWARE/801.01_fw/801.01/CA7/fw/Default/../../FIP_artifacts
+ case "$command" in
+ exec make all
Building file: ../main.c
Invoking: MPU GCC Compiler
arm-ostl-linux-gnueabi-gcc  -mthumb -mfpu=neon-vfpv4 -mfloat-abi=hard -mcpu=cortex-a7 --sysroot=/opt/st/stm32mp1/4.2.4-openstlinux-6.1-yocto-mickledore-mpu-v24.06.26/sysroots/cortexa7t2hf-neon-vfpv4-ostl-linux-gnueabi "../main.c" -std=gnu11 -g3 -c -Og -ffunction-sections -fdata-sections -Wall -fstack-usage -MMD -MP -MF"main.d" -MT"main.o" -o "main.o"
../main.c:39:25: error: unknown type name ‘PS_THREAD_ATTR’
   39 | void set_schedular_info(PS_THREAD_ATTR pThreadAttr)
      |                         ^~~~~~~~~~~~~~
../main.c:64:1: error: unknown type name ‘S_THREAD_ATTR’
   64 | S_THREAD_ATTR gnThreadAttr[TOTAL_NUMBER_OF_THREAD] = {
      | ^~~~~~~~~~~~~
../main.c:64:28: error: ‘TOTAL_NUMBER_OF_THREAD’ undeclared here (not in a function)
   64 | S_THREAD_ATTR gnThreadAttr[TOTAL_NUMBER_OF_THREAD] = {
      |                            ^~~~~~~~~~~~~~~~~~~~~~
../main.c:65:61: error: ‘rflinkLoop’ undeclared here (not in a function)
   65 |         {.nName = "RFLINK_READ",        .nThreadFunction = &rflinkLoop,           .nSetCPU = 0, .nCPUID = 0, .nSetPri = 1, .nPolicy = SCHED_FIFO,  .nParam.sched_priority = 9, .nThreadID = THREAD_RFLINK_ID, },
      |                                                             ^~~~~~~~~~
../main.c:65:189: error: ‘THREAD_RFLINK_ID’ undeclared here (not in a function)
   65 |         {.nName = "RFLINK_READ",        .nThreadFunction = &rflinkLoop,           .nSetCPU = 0, .nCPUID = 0, .nSetPri = 1, .nPolicy = SCHED_FIFO,  .nParam.sched_priority = 9, .nThreadID = THREAD_RFLINK_ID, },
      |                                                                                                                                                                                             ^~~~~~~~~~~~~~~~
../main.c:66:189: error: ‘THREAD_DATA_SERIAL’ undeclared here (not in a function)
   66 |         {.nName = "DATA_SERIAL_READ",   .nThreadFunction = &readDataSerialPort,   .nSetCPU = 0, .nCPUID = 0, .nSetPri = 1, .nPolicy = SCHED_FIFO,  .nParam.sched_priority = 8, .nThreadID = THREAD_DATA_SERIAL, },
      |                                                                                                                                                                                             ^~~~~~~~~~~~~~~~~~
../main.c:67:189: error: ‘THREAD_CONFIG_SERIAL’ undeclared here (not in a function)
   67 |         {.nName = "CONFIG_SERIAL_READ", .nThreadFunction = &readConfigSerialPort, .nSetCPU = 0, .nCPUID = 0, .nSetPri = 1, .nPolicy = SCHED_FIFO,  .nParam.sched_priority = 8, .nThreadID = THREAD_CONFIG_SERIAL, },
      |                                                                                                                                                                                             ^~~~~~~~~~~~~~~~~~~~
../main.c:68:189: error: ‘THREAD_CLI_SERIAL’ undeclared here (not in a function)
   68 |         {.nName = "CLI_SERIAL_READ",    .nThreadFunction = &readCliSerialPort,    .nSetCPU = 0, .nCPUID = 0, .nSetPri = 1, .nPolicy = SCHED_FIFO,  .nParam.sched_priority = 8, .nThreadID = THREAD_CLI_SERIAL, },
      |                                                                                                                                                                                             ^~~~~~~~~~~~~~~~~
../main.c:69:197: error: ‘THREAD_MAIN_LOOP_ID’ undeclared here (not in a function)
   69 |         {.nName = "MAIN_LOOP",          .nThreadFunction = NULL,                          .nSetCPU = 0, .nCPUID = 0, .nSetPri = 1, .nPolicy = SCHED_OTHER, .nParam.sched_priority = 0, .nThreadID = THREAD_MAIN_LOOP_ID}
      |                                                                                                                                                                                                     ^~~~~~~~~~~~~~~~~~~
../main.c: In function ‘main’:
../main.c:84:9: warning: implicit declaration of function ‘uartInitialize’ [-Wimplicit-function-declaration]
   84 |         uartInitialize();
      |         ^~~~~~~~~~~~~~
../main.c:85:9: warning: implicit declaration of function ‘axi_serviceConfigBusInitialize’ [-Wimplicit-function-declaration]
   85 |         axi_serviceConfigBusInitialize();
      |         ^~~~~~~~~~~~~~~~~~~~~~~~~~~~~~
../main.c:86:9: warning: implicit declaration of function ‘axi_donorConfigBusInitialize’ [-Wimplicit-function-declaration]
   86 |         axi_donorConfigBusInitialize();
      |         ^~~~~~~~~~~~~~~~~~~~~~~~~~~~
../main.c:87:9: warning: implicit declaration of function ‘axi_serviceConfigWrite’ [-Wimplicit-function-declaration]
   87 |         axi_serviceConfigWrite(1234);
      |         ^~~~~~~~~~~~~~~~~~~~~~
../main.c:88:9: warning: implicit declaration of function ‘axi_donorConfigWrite’ [-Wimplicit-function-declaration]
   88 |         axi_donorConfigWrite(3584);
      |         ^~~~~~~~~~~~~~~~~~~~
../main.c:90:9: warning: implicit declaration of function ‘axi_serviceConfigRead’ [-Wimplicit-function-declaration]
   90 |         axi_serviceConfigRead();
      |         ^~~~~~~~~~~~~~~~~~~~~
../main.c:91:9: warning: implicit declaration of function ‘axi_donorConfigRead’ [-Wimplicit-function-declaration]
   91 |         axi_donorConfigRead();
      |         ^~~~~~~~~~~~~~~~~~~
../main.c:93:19: warning: unused variable ‘thread’ [-Wunused-variable]
   93 |         pthread_t thread[TOTAL_NUMBER_OF_THREAD - 1];
      |                   ^~~~~~
make: *** [subdir.mk:26: main.o] Error 1
"make all" terminated with exit code 2. Build might be incomplete.
20:19:30 **** Incremental Build of configuration Debug for project 801.01_CM4 ****
make -j32 all 
arm-none-eabi-size  801.01_CM4.elf 
   text	   data	    bss	    dec	    hex	filename
  33416	    288	   2172	  35876	   8c24	801.01_CM4.elf
Finished building: default.size.stdout
 
20:19:30 **** Incremental Build of configuration Default for project fw ****
make all 
Wrapper for /home/faruk/st/stm32cubeide_1.16.0/plugins/com.st.stm32cube.ide.mpu.linux.toolchain_2.1.0.202305092038/tools/bin/make
FIP_DEPLOYDIR_ROOT: /home/faruk/Desktop/projects/801.01/SOFTWARE/801.01_fw/801.01/CA7/fw/Default/../../FIP_artifacts
+ case "$command" in
+ exec make all
Building file: ../main.c
Invoking: MPU GCC Compiler
arm-ostl-linux-gnueabi-gcc  -mthumb -mfpu=neon-vfpv4 -mfloat-abi=hard -mcpu=cortex-a7 --sysroot=/opt/st/stm32mp1/4.2.4-openstlinux-6.1-yocto-mickledore-mpu-v24.06.26/sysroots/cortexa7t2hf-neon-vfpv4-ostl-linux-gnueabi "../main.c" -std=gnu11 -g3 -c -Og -ffunction-sections -fdata-sections -Wall -fstack-usage -MMD -MP -MF"main.d" -MT"main.o" -o "main.o"
../main.c:39:25: error: unknown type name ‘PS_THREAD_ATTR’
   39 | void set_schedular_info(PS_THREAD_ATTR pThreadAttr)
      |                         ^~~~~~~~~~~~~~
../main.c:64:1: error: unknown type name ‘S_THREAD_ATTR’
   64 | S_THREAD_ATTR gnThreadAttr[TOTAL_NUMBER_OF_THREAD] = {
      | ^~~~~~~~~~~~~
../main.c:64:28: error: ‘TOTAL_NUMBER_OF_THREAD’ undeclared here (not in a function)
   64 | S_THREAD_ATTR gnThreadAttr[TOTAL_NUMBER_OF_THREAD] = {
      |                            ^~~~~~~~~~~~~~~~~~~~~~
../main.c:65:61: error: ‘rflinkLoop’ undeclared here (not in a function)
   65 |         {.nName = "RFLINK_READ",        .nThreadFunction = &rflinkLoop,           .nSetCPU = 0, .nCPUID = 0, .nSetPri = 1, .nPolicy = SCHED_FIFO,  .nParam.sched_priority = 9, .nThreadID = THREAD_RFLINK_ID, },
      |                                                             ^~~~~~~~~~
../main.c:65:189: error: ‘THREAD_RFLINK_ID’ undeclared here (not in a function)
   65 |         {.nName = "RFLINK_READ",        .nThreadFunction = &rflinkLoop,           .nSetCPU = 0, .nCPUID = 0, .nSetPri = 1, .nPolicy = SCHED_FIFO,  .nParam.sched_priority = 9, .nThreadID = THREAD_RFLINK_ID, },
      |                                                                                                                                                                                             ^~~~~~~~~~~~~~~~
../main.c:66:189: error: ‘THREAD_DATA_SERIAL’ undeclared here (not in a function)
   66 |         {.nName = "DATA_SERIAL_READ",   .nThreadFunction = &readDataSerialPort,   .nSetCPU = 0, .nCPUID = 0, .nSetPri = 1, .nPolicy = SCHED_FIFO,  .nParam.sched_priority = 8, .nThreadID = THREAD_DATA_SERIAL, },
      |                                                                                                                                                                                             ^~~~~~~~~~~~~~~~~~
../main.c:67:189: error: ‘THREAD_CONFIG_SERIAL’ undeclared here (not in a function)
   67 |         {.nName = "CONFIG_SERIAL_READ", .nThreadFunction = &readConfigSerialPort, .nSetCPU = 0, .nCPUID = 0, .nSetPri = 1, .nPolicy = SCHED_FIFO,  .nParam.sched_priority = 8, .nThreadID = THREAD_CONFIG_SERIAL, },
      |                                                                                                                                                                                             ^~~~~~~~~~~~~~~~~~~~
../main.c:68:189: error: ‘THREAD_CLI_SERIAL’ undeclared here (not in a function)
   68 |         {.nName = "CLI_SERIAL_READ",    .nThreadFunction = &readCliSerialPort,    .nSetCPU = 0, .nCPUID = 0, .nSetPri = 1, .nPolicy = SCHED_FIFO,  .nParam.sched_priority = 8, .nThreadID = THREAD_CLI_SERIAL, },
      |                                                                                                                                                                                             ^~~~~~~~~~~~~~~~~
../main.c:69:197: error: ‘THREAD_MAIN_LOOP_ID’ undeclared here (not in a function)
   69 |         {.nName = "MAIN_LOOP",          .nThreadFunction = NULL,                          .nSetCPU = 0, .nCPUID = 0, .nSetPri = 1, .nPolicy = SCHED_OTHER, .nParam.sched_priority = 0, .nThreadID = THREAD_MAIN_LOOP_ID}
      |                                                                                                                                                                                                     ^~~~~~~~~~~~~~~~~~~
../main.c: In function ‘main’:
../main.c:84:9: warning: implicit declaration of function ‘uartInitialize’ [-Wimplicit-function-declaration]
   84 |         uartInitialize();
      |         ^~~~~~~~~~~~~~
../main.c:85:9: warning: implicit declaration of function ‘axi_serviceConfigBusInitialize’ [-Wimplicit-function-declaration]
   85 |         axi_serviceConfigBusInitialize();
      |         ^~~~~~~~~~~~~~~~~~~~~~~~~~~~~~
../main.c:86:9: warning: implicit declaration of function ‘axi_donorConfigBusInitialize’ [-Wimplicit-function-declaration]
   86 |         axi_donorConfigBusInitialize();
      |         ^~~~~~~~~~~~~~~~~~~~~~~~~~~~
../main.c:87:9: warning: implicit declaration of function ‘axi_serviceConfigWrite’ [-Wimplicit-function-declaration]
   87 |         axi_serviceConfigWrite(1234);
      |         ^~~~~~~~~~~~~~~~~~~~~~
../main.c:88:9: warning: implicit declaration of function ‘axi_donorConfigWrite’ [-Wimplicit-function-declaration]
   88 |         axi_donorConfigWrite(3584);
      |         ^~~~~~~~~~~~~~~~~~~~
../main.c:90:9: warning: implicit declaration of function ‘axi_serviceConfigRead’ [-Wimplicit-function-declaration]
   90 |         axi_serviceConfigRead();
      |         ^~~~~~~~~~~~~~~~~~~~~
../main.c:91:9: warning: implicit declaration of function ‘axi_donorConfigRead’ [-Wimplicit-function-declaration]
   91 |         axi_donorConfigRead();
      |         ^~~~~~~~~~~~~~~~~~~
../main.c:93:19: warning: unused variable ‘thread’ [-Wunused-variable]
   93 |         pthread_t thread[TOTAL_NUMBER_OF_THREAD - 1];
      |                   ^~~~~~
make: *** [subdir.mk:26: main.o] Error 1
"make all" terminated with exit code 2. Build might be incomplete.
20:19:57 **** Incremental Build of configuration Debug for project 801.01_CM4 ****
make -j32 all 
arm-none-eabi-size  801.01_CM4.elf 
   text	   data	    bss	    dec	    hex	filename
  33416	    288	   2172	  35876	   8c24	801.01_CM4.elf
Finished building: default.size.stdout
 
20:19:57 **** Incremental Build of configuration Default for project fw ****
make all 
Wrapper for /home/faruk/st/stm32cubeide_1.16.0/plugins/com.st.stm32cube.ide.mpu.linux.toolchain_2.1.0.202305092038/tools/bin/make
FIP_DEPLOYDIR_ROOT: /home/faruk/Desktop/projects/801.01/SOFTWARE/801.01_fw/801.01/CA7/fw/Default/../../FIP_artifacts
+ case "$command" in
+ exec make all
Building file: ../main.c
Invoking: MPU GCC Compiler
arm-ostl-linux-gnueabi-gcc  -mthumb -mfpu=neon-vfpv4 -mfloat-abi=hard -mcpu=cortex-a7 --sysroot=/opt/st/stm32mp1/4.2.4-openstlinux-6.1-yocto-mickledore-mpu-v24.06.26/sysroots/cortexa7t2hf-neon-vfpv4-ostl-linux-gnueabi "../main.c" -std=gnu11 -g3 -c -Ipthread -Og -ffunction-sections -fdata-sections -Wall -fstack-usage -MMD -MP -MF"main.d" -MT"main.o" -o "main.o"
../main.c:39:25: error: unknown type name ‘PS_THREAD_ATTR’
   39 | void set_schedular_info(PS_THREAD_ATTR pThreadAttr)
      |                         ^~~~~~~~~~~~~~
../main.c:64:1: error: unknown type name ‘S_THREAD_ATTR’
   64 | S_THREAD_ATTR gnThreadAttr[TOTAL_NUMBER_OF_THREAD] = {
      | ^~~~~~~~~~~~~
../main.c:64:28: error: ‘TOTAL_NUMBER_OF_THREAD’ undeclared here (not in a function)
   64 | S_THREAD_ATTR gnThreadAttr[TOTAL_NUMBER_OF_THREAD] = {
      |                            ^~~~~~~~~~~~~~~~~~~~~~
../main.c:65:61: error: ‘rflinkLoop’ undeclared here (not in a function)
   65 |         {.nName = "RFLINK_READ",        .nThreadFunction = &rflinkLoop,           .nSetCPU = 0, .nCPUID = 0, .nSetPri = 1, .nPolicy = SCHED_FIFO,  .nParam.sched_priority = 9, .nThreadID = THREAD_RFLINK_ID, },
      |                                                             ^~~~~~~~~~
../main.c:65:189: error: ‘THREAD_RFLINK_ID’ undeclared here (not in a function)
   65 |         {.nName = "RFLINK_READ",        .nThreadFunction = &rflinkLoop,           .nSetCPU = 0, .nCPUID = 0, .nSetPri = 1, .nPolicy = SCHED_FIFO,  .nParam.sched_priority = 9, .nThreadID = THREAD_RFLINK_ID, },
      |                                                                                                                                                                                             ^~~~~~~~~~~~~~~~
../main.c:66:189: error: ‘THREAD_DATA_SERIAL’ undeclared here (not in a function)
   66 |         {.nName = "DATA_SERIAL_READ",   .nThreadFunction = &readDataSerialPort,   .nSetCPU = 0, .nCPUID = 0, .nSetPri = 1, .nPolicy = SCHED_FIFO,  .nParam.sched_priority = 8, .nThreadID = THREAD_DATA_SERIAL, },
      |                                                                                                                                                                                             ^~~~~~~~~~~~~~~~~~
../main.c:67:189: error: ‘THREAD_CONFIG_SERIAL’ undeclared here (not in a function)
   67 |         {.nName = "CONFIG_SERIAL_READ", .nThreadFunction = &readConfigSerialPort, .nSetCPU = 0, .nCPUID = 0, .nSetPri = 1, .nPolicy = SCHED_FIFO,  .nParam.sched_priority = 8, .nThreadID = THREAD_CONFIG_SERIAL, },
      |                                                                                                                                                                                             ^~~~~~~~~~~~~~~~~~~~
../main.c:68:189: error: ‘THREAD_CLI_SERIAL’ undeclared here (not in a function)
   68 |         {.nName = "CLI_SERIAL_READ",    .nThreadFunction = &readCliSerialPort,    .nSetCPU = 0, .nCPUID = 0, .nSetPri = 1, .nPolicy = SCHED_FIFO,  .nParam.sched_priority = 8, .nThreadID = THREAD_CLI_SERIAL, },
      |                                                                                                                                                                                             ^~~~~~~~~~~~~~~~~
../main.c:69:197: error: ‘THREAD_MAIN_LOOP_ID’ undeclared here (not in a function)
   69 |         {.nName = "MAIN_LOOP",          .nThreadFunction = NULL,                          .nSetCPU = 0, .nCPUID = 0, .nSetPri = 1, .nPolicy = SCHED_OTHER, .nParam.sched_priority = 0, .nThreadID = THREAD_MAIN_LOOP_ID}
      |                                                                                                                                                                                                     ^~~~~~~~~~~~~~~~~~~
../main.c: In function ‘main’:
../main.c:84:9: warning: implicit declaration of function ‘uartInitialize’ [-Wimplicit-function-declaration]
   84 |         uartInitialize();
      |         ^~~~~~~~~~~~~~
../main.c:85:9: warning: implicit declaration of function ‘axi_serviceConfigBusInitialize’ [-Wimplicit-function-declaration]
   85 |         axi_serviceConfigBusInitialize();
      |         ^~~~~~~~~~~~~~~~~~~~~~~~~~~~~~
../main.c:86:9: warning: implicit declaration of function ‘axi_donorConfigBusInitialize’ [-Wimplicit-function-declaration]
   86 |         axi_donorConfigBusInitialize();
      |         ^~~~~~~~~~~~~~~~~~~~~~~~~~~~
../main.c:87:9: warning: implicit declaration of function ‘axi_serviceConfigWrite’ [-Wimplicit-function-declaration]
   87 |         axi_serviceConfigWrite(1234);
      |         ^~~~~~~~~~~~~~~~~~~~~~
../main.c:88:9: warning: implicit declaration of function ‘axi_donorConfigWrite’ [-Wimplicit-function-declaration]
   88 |         axi_donorConfigWrite(3584);
      |         ^~~~~~~~~~~~~~~~~~~~
../main.c:90:9: warning: implicit declaration of function ‘axi_serviceConfigRead’ [-Wimplicit-function-declaration]
   90 |         axi_serviceConfigRead();
      |         ^~~~~~~~~~~~~~~~~~~~~
../main.c:91:9: warning: implicit declaration of function ‘axi_donorConfigRead’ [-Wimplicit-function-declaration]
   91 |         axi_donorConfigRead();
      |         ^~~~~~~~~~~~~~~~~~~
../main.c:93:19: warning: unused variable ‘thread’ [-Wunused-variable]
   93 |         pthread_t thread[TOTAL_NUMBER_OF_THREAD - 1];
      |                   ^~~~~~
make: *** [subdir.mk:26: main.o] Error 1
"make all" terminated with exit code 2. Build might be incomplete.
20:20:19 **** Incremental Build of configuration Debug for project 801.01_CM4 ****
make -j32 all 
arm-none-eabi-size  801.01_CM4.elf 
   text	   data	    bss	    dec	    hex	filename
  33416	    288	   2172	  35876	   8c24	801.01_CM4.elf
Finished building: default.size.stdout
 
20:20:19 **** Incremental Build of configuration Default for project fw ****
make all 
Wrapper for /home/faruk/st/stm32cubeide_1.16.0/plugins/com.st.stm32cube.ide.mpu.linux.toolchain_2.1.0.202305092038/tools/bin/make
FIP_DEPLOYDIR_ROOT: /home/faruk/Desktop/projects/801.01/SOFTWARE/801.01_fw/801.01/CA7/fw/Default/../../FIP_artifacts
+ case "$command" in
+ exec make all
Building file: ../main.c
Invoking: MPU GCC Compiler
arm-ostl-linux-gnueabi-gcc  -mthumb -mfpu=neon-vfpv4 -mfloat-abi=hard -mcpu=cortex-a7 --sysroot=/opt/st/stm32mp1/4.2.4-openstlinux-6.1-yocto-mickledore-mpu-v24.06.26/sysroots/cortexa7t2hf-neon-vfpv4-ostl-linux-gnueabi "../main.c" -std=gnu11 -g3 -c -Ipthread -Og -ffunction-sections -fdata-sections -Wall -fstack-usage -MMD -MP -MF"main.d" -MT"main.o" -o "main.o"
../main.c:39:25: error: unknown type name ‘PS_THREAD_ATTR’
   39 | void set_schedular_info(PS_THREAD_ATTR pThreadAttr)
      |                         ^~~~~~~~~~~~~~
../main.c:64:1: error: unknown type name ‘S_THREAD_ATTR’
   64 | S_THREAD_ATTR gnThreadAttr[TOTAL_NUMBER_OF_THREAD] = {
      | ^~~~~~~~~~~~~
../main.c:64:28: error: ‘TOTAL_NUMBER_OF_THREAD’ undeclared here (not in a function)
   64 | S_THREAD_ATTR gnThreadAttr[TOTAL_NUMBER_OF_THREAD] = {
      |                            ^~~~~~~~~~~~~~~~~~~~~~
../main.c: In function ‘main’:
../main.c:84:9: warning: implicit declaration of function ‘uartInitialize’ [-Wimplicit-function-declaration]
   84 |         uartInitialize();
      |         ^~~~~~~~~~~~~~
../main.c:85:9: warning: implicit declaration of function ‘axi_serviceConfigBusInitialize’ [-Wimplicit-function-declaration]
   85 |         axi_serviceConfigBusInitialize();
      |         ^~~~~~~~~~~~~~~~~~~~~~~~~~~~~~
../main.c:86:9: warning: implicit declaration of function ‘axi_donorConfigBusInitialize’ [-Wimplicit-function-declaration]
   86 |         axi_donorConfigBusInitialize();
      |         ^~~~~~~~~~~~~~~~~~~~~~~~~~~~
../main.c:87:9: warning: implicit declaration of function ‘axi_serviceConfigWrite’ [-Wimplicit-function-declaration]
   87 |         axi_serviceConfigWrite(1234);
      |         ^~~~~~~~~~~~~~~~~~~~~~
../main.c:88:9: warning: implicit declaration of function ‘axi_donorConfigWrite’ [-Wimplicit-function-declaration]
   88 |         axi_donorConfigWrite(3584);
      |         ^~~~~~~~~~~~~~~~~~~~
../main.c:90:9: warning: implicit declaration of function ‘axi_serviceConfigRead’ [-Wimplicit-function-declaration]
   90 |         axi_serviceConfigRead();
      |         ^~~~~~~~~~~~~~~~~~~~~
../main.c:91:9: warning: implicit declaration of function ‘axi_donorConfigRead’ [-Wimplicit-function-declaration]
   91 |         axi_donorConfigRead();
      |         ^~~~~~~~~~~~~~~~~~~
../main.c:93:19: warning: unused variable ‘thread’ [-Wunused-variable]
   93 |         pthread_t thread[TOTAL_NUMBER_OF_THREAD - 1];
      |                   ^~~~~~
make: *** [subdir.mk:26: main.o] Error 1
"make all" terminated with exit code 2. Build might be incomplete.
20:20:28 **** Incremental Build of configuration Debug for project 801.01_CM4 ****
make -j32 all 
arm-none-eabi-size  801.01_CM4.elf 
   text	   data	    bss	    dec	    hex	filename
  33416	    288	   2172	  35876	   8c24	801.01_CM4.elf
Finished building: default.size.stdout
 
20:20:28 **** Incremental Build of configuration Default for project fw ****
make all 
Wrapper for /home/faruk/st/stm32cubeide_1.16.0/plugins/com.st.stm32cube.ide.mpu.linux.toolchain_2.1.0.202305092038/tools/bin/make
FIP_DEPLOYDIR_ROOT: /home/faruk/Desktop/projects/801.01/SOFTWARE/801.01_fw/801.01/CA7/fw/Default/../../FIP_artifacts
+ case "$command" in
+ exec make all
Building file: ../main.c
Invoking: MPU GCC Compiler
arm-ostl-linux-gnueabi-gcc  -mthumb -mfpu=neon-vfpv4 -mfloat-abi=hard -mcpu=cortex-a7 --sysroot=/opt/st/stm32mp1/4.2.4-openstlinux-6.1-yocto-mickledore-mpu-v24.06.26/sysroots/cortexa7t2hf-neon-vfpv4-ostl-linux-gnueabi "../main.c" -std=gnu11 -g3 -c -Ipthread -Og -ffunction-sections -fdata-sections -Wall -fstack-usage -MMD -MP -MF"main.d" -MT"main.o" -o "main.o"
../main.c:39:25: error: unknown type name ‘PS_THREAD_ATTR’
   39 | void set_schedular_info(PS_THREAD_ATTR pThreadAttr)
      |                         ^~~~~~~~~~~~~~
../main.c:64:1: error: unknown type name ‘S_THREAD_ATTR’
   64 | S_THREAD_ATTR gnThreadAttr[TOTAL_NUMBER_OF_THREAD] = {
      | ^~~~~~~~~~~~~
../main.c:64:28: error: ‘TOTAL_NUMBER_OF_THREAD’ undeclared here (not in a function)
   64 | S_THREAD_ATTR gnThreadAttr[TOTAL_NUMBER_OF_THREAD] = {
      |                            ^~~~~~~~~~~~~~~~~~~~~~
../main.c: In function ‘main’:
../main.c:84:9: warning: implicit declaration of function ‘uartInitialize’ [-Wimplicit-function-declaration]
   84 |         uartInitialize();
[...]
Finished building target: fw
 
20:04:02 **** Incremental Build of configuration Default for project fw ****
make all 
Wrapper for /home/faruk/st/stm32cubeide_1.16.0/plugins/com.st.stm32cube.ide.mpu.linux.toolchain_2.1.0.202305092038/tools/bin/make
FIP_DEPLOYDIR_ROOT: /home/faruk/Desktop/projects/801.01/SOFTWARE/801.01_fw/801.01/CA7/fw/Default/../../FIP_artifacts
+ case "$command" in
+ exec make all
make: Nothing to be done for 'all'.
20:04:07 **** Incremental Build of configuration Default for project fw ****
make all 
Wrapper for /home/faruk/st/stm32cubeide_1.16.0/plugins/com.st.stm32cube.ide.mpu.linux.toolchain_2.1.0.202305092038/tools/bin/make
FIP_DEPLOYDIR_ROOT: /home/faruk/Desktop/projects/801.01/SOFTWARE/801.01_fw/801.01/CA7/fw/Default/../../FIP_artifacts
+ case "$command" in
+ exec make all
make: Nothing to be done for 'all'.
20:07:05 **** Incremental Build of configuration Debug for project 801.01_CM4 ****
make -j32 all 
arm-none-eabi-size  801.01_CM4.elf 
   text	   data	    bss	    dec	    hex	filename
  33416	    288	   2172	  35876	   8c24	801.01_CM4.elf
Finished building: default.size.stdout
 
20:07:05 **** Incremental Build of configuration Default for project fw ****
make all 
Wrapper for /home/faruk/st/stm32cubeide_1.16.0/plugins/com.st.stm32cube.ide.mpu.linux.toolchain_2.1.0.202305092038/tools/bin/make
FIP_DEPLOYDIR_ROOT: /home/faruk/Desktop/projects/801.01/SOFTWARE/801.01_fw/801.01/CA7/fw/Default/../../FIP_artifacts
+ case "$command" in
+ exec make all
Building file: ../fzd_stpmic1.c
Invoking: MPU GCC Compiler
arm-ostl-linux-gnueabi-gcc  -mthumb -mfpu=neon-vfpv4 -mfloat-abi=hard -mcpu=cortex-a7 --sysroot=/opt/st/stm32mp1/4.2.4-openstlinux-6.1-yocto-mickledore-mpu-v24.06.26/sysroots/cortexa7t2hf-neon-vfpv4-ostl-linux-gnueabi "../fzd_stpmic1.c" -std=gnu11 -g3 -c -Ipthread -Ilibgpiod -Im -Og -ffunction-sections -fdata-sections -Wall -fstack-usage -MMD -MP -MF"fzd_stpmic1.d" -MT"fzd_stpmic1.o" -o "fzd_stpmic1.o"
../fzd_stpmic1.c: In function ‘initialize_stpmic’:
../fzd_stpmic1.c:30:34: warning: implicit declaration of function ‘dup’ [-Wimplicit-function-declaration]
   30 |                 stpmic_i2c_dev = dup(file);
      |                                  ^~~
../fzd_stpmic1.c:31:17: warning: implicit declaration of function ‘close’; did you mean ‘pclose’? [-Wimplicit-function-declaration]
   31 |                 close(file);
      |                 ^~~~~
      |                 pclose
../fzd_stpmic1.c:16:14: warning: unused variable ‘buf’ [-Wunused-variable]
   16 |         char buf[5] = {0};
      |              ^~~
Finished building: ../fzd_stpmic1.c
 
Building file: ../main.c
Invoking: MPU GCC Compiler
arm-ostl-linux-gnueabi-gcc  -mthumb -mfpu=neon-vfpv4 -mfloat-abi=hard -mcpu=cortex-a7 --sysroot=/opt/st/stm32mp1/4.2.4-openstlinux-6.1-yocto-mickledore-mpu-v24.06.26/sysroots/cortexa7t2hf-neon-vfpv4-ostl-linux-gnueabi "../main.c" -std=gnu11 -g3 -c -Ipthread -Ilibgpiod -Im -Og -ffunction-sections -fdata-sections -Wall -fstack-usage -MMD -MP -MF"main.d" -MT"main.o" -o "main.o"
../main.c: In function ‘set_schedular_info’:
../main.c:58:29: warning: implicit declaration of function ‘pthread_setaffinity_np’ [-Wimplicit-function-declaration]
   58 |                 if ((nRet = pthread_setaffinity_np(pthread_self(), sizeof(cpu_set_t), &cpuset)) != 0)
      |                             ^~~~~~~~~~~~~~~~~~~~~~
Finished building: ../main.c
 
Building target: fw
Invoking: MPU GCC Linker
arm-ostl-linux-gnueabi-gcc  -mthumb -mfpu=neon-vfpv4 -mfloat-abi=hard -mcpu=cortex-a7 --sysroot=/opt/st/stm32mp1/4.2.4-openstlinux-6.1-yocto-mickledore-mpu-v24.06.26/sysroots/cortexa7t2hf-neon-vfpv4-ostl-linux-gnueabi -o "fw" ./cJSON.o ./fzd_stpmic1.o ./main.o ./zed_cpu_info.o ./zed_gpio.o ./zed_rflink.o ./zed_serial_com.o ./zed_spi.o ./zed_timing.o ./zed_uart.o ./zed_uio.o    -Wl,-Map="fw.map" -Wl,--gc-sections
/opt/st/stm32mp1/4.2.4-openstlinux-6.1-yocto-mickledore-mpu-v24.06.26/sysroots/x86_64-ostl_sdk-linux/usr/libexec/arm-ostl-linux-gnueabi/gcc/arm-ostl-linux-gnueabi/12.3.0/ld: ./main.o:/home/faruk/Desktop/projects/801.01/SOFTWARE/801.01_fw/801.01/CA7/fw/Default/../fzd_stpmic1.h:21: multiple definition of `stpmic_i2c_dev'; ./fzd_stpmic1.o:/home/faruk/Desktop/projects/801.01/SOFTWARE/801.01_fw/801.01/CA7/fw/Default/../fzd_stpmic1.h:21: first defined here
collect2: error: ld returned 1 exit status
make: *** [makefile:49: fw] Error 1
"make all" terminated with exit code 2. Build might be incomplete.
20:07:34 **** Incremental Build of configuration Debug for project 801.01_CM4 ****
make -j32 all 
arm-none-eabi-size  801.01_CM4.elf 
   text	   data	    bss	    dec	    hex	filename
  33416	    288	   2172	  35876	   8c24	801.01_CM4.elf
Finished building: default.size.stdout
 
20:07:34 **** Incremental Build of configuration Default for project fw ****
make all 
Wrapper for /home/faruk/st/stm32cubeide_1.16.0/plugins/com.st.stm32cube.ide.mpu.linux.toolchain_2.1.0.202305092038/tools/bin/make
FIP_DEPLOYDIR_ROOT: /home/faruk/Desktop/projects/801.01/SOFTWARE/801.01_fw/801.01/CA7/fw/Default/../../FIP_artifacts
+ case "$command" in
+ exec make all
Building file: ../fzd_stpmic1.c
Invoking: MPU GCC Compiler
arm-ostl-linux-gnueabi-gcc  -mthumb -mfpu=neon-vfpv4 -mfloat-abi=hard -mcpu=cortex-a7 --sysroot=/opt/st/stm32mp1/4.2.4-openstlinux-6.1-yocto-mickledore-mpu-v24.06.26/sysroots/cortexa7t2hf-neon-vfpv4-ostl-linux-gnueabi "../fzd_stpmic1.c" -std=gnu11 -g3 -c -Ipthread -Ilibgpiod -Im -Og -ffunction-sections -fdata-sections -Wall -fstack-usage -MMD -MP -MF"fzd_stpmic1.d" -MT"fzd_stpmic1.o" -o "fzd_stpmic1.o"
../fzd_stpmic1.c: In function ‘initialize_stpmic’:
../fzd_stpmic1.c:31:34: warning: implicit declaration of function ‘dup’ [-Wimplicit-function-declaration]
   31 |                 stpmic_i2c_dev = dup(file);
      |                                  ^~~
../fzd_stpmic1.c:32:17: warning: implicit declaration of function ‘close’; did you mean ‘pclose’? [-Wimplicit-function-declaration]
   32 |                 close(file);
      |                 ^~~~~
      |                 pclose
../fzd_stpmic1.c:17:14: warning: unused variable ‘buf’ [-Wunused-variable]
   17 |         char buf[5] = {0};
      |              ^~~
Finished building: ../fzd_stpmic1.c
 
Building file: ../main.c
Invoking: MPU GCC Compiler
arm-ostl-linux-gnueabi-gcc  -mthumb -mfpu=neon-vfpv4 -mfloat-abi=hard -mcpu=cortex-a7 --sysroot=/opt/st/stm32mp1/4.2.4-openstlinux-6.1-yocto-mickledore-mpu-v24.06.26/sysroots/cortexa7t2hf-neon-vfpv4-ostl-linux-gnueabi "../main.c" -std=gnu11 -g3 -c -Ipthread -Ilibgpiod -Im -Og -ffunction-sections -fdata-sections -Wall -fstack-usage -MMD -MP -MF"main.d" -MT"main.o" -o "main.o"
../main.c: In function ‘set_schedular_info’:
../main.c:58:29: warning: implicit declaration of function ‘pthread_setaffinity_np’ [-Wimplicit-function-declaration]
   58 |                 if ((nRet = pthread_setaffinity_np(pthread_self(), sizeof(cpu_set_t), &cpuset)) != 0)
      |                             ^~~~~~~~~~~~~~~~~~~~~~
Finished building: ../main.c
 
Building target: fw
Invoking: MPU GCC Linker
arm-ostl-linux-gnueabi-gcc  -mthumb -mfpu=neon-vfpv4 -mfloat-abi=hard -mcpu=cortex-a7 --sysroot=/opt/st/stm32mp1/4.2.4-openstlinux-6.1-yocto-mickledore-mpu-v24.06.26/sysroots/cortexa7t2hf-neon-vfpv4-ostl-linux-gnueabi -o "fw" ./cJSON.o ./fzd_stpmic1.o ./main.o ./zed_cpu_info.o ./zed_gpio.o ./zed_rflink.o ./zed_serial_com.o ./zed_spi.o ./zed_timing.o ./zed_uart.o ./zed_uio.o    -Wl,-Map="fw.map" -Wl,--gc-sections
Finished building target: fw
 
20:07:43 **** Incremental Build of configuration Debug for project 801.01_CM4 ****
make -j32 all 
arm-none-eabi-size  801.01_CM4.elf 
   text	   data	    bss	    dec	    hex	filename
  33416	    288	   2172	  35876	   8c24	801.01_CM4.elf
Finished building: default.size.stdout
 
20:07:43 **** Incremental Build of configuration Default for project fw ****
make all 
Wrapper for /home/faruk/st/stm32cubeide_1.16.0/plugins/com.st.stm32cube.ide.mpu.linux.toolchain_2.1.0.202305092038/tools/bin/make
FIP_DEPLOYDIR_ROOT: /home/faruk/Desktop/projects/801.01/SOFTWARE/801.01_fw/801.01/CA7/fw/Default/../../FIP_artifacts
+ case "$command" in
+ exec make all
make: Nothing to be done for 'all'.
20:07:49 **** Incremental Build of configuration Default for project fw ****
make all 
Wrapper for /home/faruk/st/stm32cubeide_1.16.0/plugins/com.st.stm32cube.ide.mpu.linux.toolchain_2.1.0.202305092038/tools/bin/make
FIP_DEPLOYDIR_ROOT: /home/faruk/Desktop/projects/801.01/SOFTWARE/801.01_fw/801.01/CA7/fw/Default/../../FIP_artifacts
+ case "$command" in
+ exec make all
make: Nothing to be done for 'all'.
20:12:09 **** Incremental Build of configuration Debug for project 801.01_CM4 ****
make -j32 all 
arm-none-eabi-size  801.01_CM4.elf 
   text	   data	    bss	    dec	    hex	filename
  33416	    288	   2172	  35876	   8c24	801.01_CM4.elf
Finished building: default.size.stdout
 
20:12:09 **** Incremental Build of configuration Default for project fw ****
make all 
Wrapper for /home/faruk/st/stm32cubeide_1.16.0/plugins/com.st.stm32cube.ide.mpu.linux.toolchain_2.1.0.202305092038/tools/bin/make
FIP_DEPLOYDIR_ROOT: /home/faruk/Desktop/projects/801.01/SOFTWARE/801.01_fw/801.01/CA7/fw/Default/../../FIP_artifacts
+ case "$command" in
+ exec make all
Building file: ../fzd_stpmic1.c
Invoking: MPU GCC Compiler
arm-ostl-linux-gnueabi-gcc  -mthumb -mfpu=neon-vfpv4 -mfloat-abi=hard -mcpu=cortex-a7 --sysroot=/opt/st/stm32mp1/4.2.4-openstlinux-6.1-yocto-mickledore-mpu-v24.06.26/sysroots/cortexa7t2hf-neon-vfpv4-ostl-linux-gnueabi "../fzd_stpmic1.c" -std=gnu11 -g3 -c -Ipthread -Ilibgpiod -Im -Og -ffunction-sections -fdata-sections -Wall -fstack-usage -MMD -MP -MF"fzd_stpmic1.d" -MT"fzd_stpmic1.o" -o "fzd_stpmic1.o"
../fzd_stpmic1.c: In function ‘initialize_stpmic’:
../fzd_stpmic1.c:31:34: warning: implicit declaration of function ‘dup’ [-Wimplicit-function-declaration]
   31 |                 stpmic_i2c_dev = dup(file);
      |                                  ^~~
../fzd_stpmic1.c:32:17: warning: implicit declaration of function ‘close’; did you mean ‘pclose’? [-Wimplicit-function-declaration]
   32 |                 close(file);
      |                 ^~~~~
      |                 pclose
../fzd_stpmic1.c: At top level:
../fzd_stpmic1.c:37:6: error: conflicting types for ‘read_stpmicVersion’; have ‘void(uint8_t)’ {aka ‘void(unsigned char)’}
   37 | void read_stpmicVersion(uint8_t reg_add)
      |      ^~~~~~~~~~~~~~~~~~
In file included from ../fzd_stpmic1.c:9:
../fzd_stpmic1.h:24:6: note: previous declaration of ‘read_stpmicVersion’ with type ‘void(void)’
   24 | void read_stpmicVersion(void);
      |      ^~~~~~~~~~~~~~~~~~
../fzd_stpmic1.c: In function ‘read_stpmicVersion’:
../fzd_stpmic1.c:41:12: warning: implicit declaration of function ‘write’; did you mean ‘fwrite’? [-Wimplicit-function-declaration]
   41 |         if(write(stpmic_i2c_dev, &reg_add, 1) < 1)
      |            ^~~~~
      |            fwrite
../fzd_stpmic1.c:45:12: warning: implicit declaration of function ‘read’; did you mean ‘fread’? [-Wimplicit-function-declaration]
   45 |         if(read(stpmic_i2c_dev, value, 1) < 0)
      |            ^~~~
      |            fread
../fzd_stpmic1.c:45:33: error: ‘value’ undeclared (first use in this function)
   45 |         if(read(stpmic_i2c_dev, value, 1) < 0)
      |                                 ^~~~~
../fzd_stpmic1.c:45:33: note: each undeclared identifier is reported only once for each function it appears in
../fzd_stpmic1.c:39:17: warning: unused variable ‘buf’ [-Wunused-variable]
   39 |         uint8_t buf[5] = {0};
      |                 ^~~
make: *** [subdir.mk:50: fzd_stpmic1.o] Error 1
"make all" terminated with exit code 2. Build might be incomplete.
20:12:15 **** Incremental Build of configuration Debug for project 801.01_CM4 ****
make -j32 all 
arm-none-eabi-size  801.01_CM4.elf 
   text	   data	    bss	    dec	    hex	filename
  33416	    288	   2172	  35876	   8c24	801.01_CM4.elf
Finished building: default.size.stdout
 
20:12:15 **** Incremental Build of configuration Default for project fw ****
make all 
Wrapper for /home/faruk/st/stm32cubeide_1.16.0/plugins/com.st.stm32cube.ide.mpu.linux.toolchain_2.1.0.202305092038/tools/bin/make
FIP_DEPLOYDIR_ROOT: /home/faruk/Desktop/projects/801.01/SOFTWARE/801.01_fw/801.01/CA7/fw/Default/../../FIP_artifacts
+ case "$command" in
+ exec make all
Building file: ../fzd_stpmic1.c
Invoking: MPU GCC Compiler
arm-ostl-linux-gnueabi-gcc  -mthumb -mfpu=neon-vfpv4 -mfloat-abi=hard -mcpu=cortex-a7 --sysroot=/opt/st/stm32mp1/4.2.4-openstlinux-6.1-yocto-mickledore-mpu-v24.06.26/sysroots/cortexa7t2hf-neon-vfpv4-ostl-linux-gnueabi "../fzd_stpmic1.c" -std=gnu11 -g3 -c -Ipthread -Ilibgpiod -Im -Og -ffunction-sections -fdata-sections -Wall -fstack-usage -MMD -MP -MF"fzd_stpmic1.d" -MT"fzd_stpmic1.o" -o "fzd_stpmic1.o"
../fzd_stpmic1.c: In function ‘initialize_stpmic’:
../fzd_stpmic1.c:31:34: warning: implicit declaration of function ‘dup’ [-Wimplicit-function-declaration]
   31 |                 stpmic_i2c_dev = dup(file);
      |                                  ^~~
../fzd_stpmic1.c:32:17: warning: implicit declaration of function ‘close’; did you mean ‘pclose’? [-Wimplicit-function-declaration]
   32 |                 close(file);
      |                 ^~~~~
      |                 pclose
../fzd_stpmic1.c: At top level:
../fzd_stpmic1.c:37:6: error: conflicting types for ‘read_stpmicVersion’; have ‘void(uint8_t)’ {aka ‘void(unsigned char)’}
   37 | void read_stpmicVersion(uint8_t reg_add)
      |      ^~~~~~~~~~~~~~~~~~
In file included from ../fzd_stpmic1.c:9:
../fzd_stpmic1.h:24:6: note: previous declaration of ‘read_stpmicVersion’ with type ‘void(void)’
   24 | void read_stpmicVersion(void);
      |      ^~~~~~~~~~~~~~~~~~
../fzd_stpmic1.c: In function ‘read_stpmicVersion’:
../fzd_stpmic1.c:41:12: warning: implicit declaration of function ‘write’; did you mean ‘fwrite’? [-Wimplicit-function-declaration]
   41 |         if(write(stpmic_i2c_dev, &reg_add, 1) < 1)
      |            ^~~~~
      |            fwrite
../fzd_stpmic1.c:45:12: warning: implicit declaration of function ‘read’; did you mean ‘fread’? [-Wimplicit-function-declaration]
   45 |         if(read(stpmic_i2c_dev, buf, 1) < 0)
      |            ^~~~
      |            fread
make: *** [subdir.mk:50: fzd_stpmic1.o] Error 1
"make all" terminated with exit code 2. Build might be incomplete.
20:12:20 **** Incremental Build of configuration Debug for project 801.01_CM4 ****
make -j32 all 
arm-none-eabi-size  801.01_CM4.elf 
   text	   data	    bss	    dec	    hex	filename
  33416	    288	   2172	  35876	   8c24	801.01_CM4.elf
Finished building: default.size.stdout
 
20:12:20 **** Incremental Build of configuration Default for project fw ****
make all 
Wrapper for /home/faruk/st/stm32cubeide_1.16.0/plugins/com.st.stm32cube.ide.mpu.linux.toolchain_2.1.0.202305092038/tools/bin/make
FIP_DEPLOYDIR_ROOT: /home/faruk/Desktop/projects/801.01/SOFTWARE/801.01_fw/801.01/CA7/fw/Default/../../FIP_artifacts
+ case "$command" in
+ exec make all
Building file: ../fzd_stpmic1.c
Invoking: MPU GCC Compiler
arm-ostl-linux-gnueabi-gcc  -mthumb -mfpu=neon-vfpv4 -mfloat-abi=hard -mcpu=cortex-a7 --sysroot=/opt/st/stm32mp1/4.2.4-openstlinux-6.1-yocto-mickledore-mpu-v24.06.26/sysroots/cortexa7t2hf-neon-vfpv4-ostl-linux-gnueabi "../fzd_stpmic1.c" -std=gnu11 -g3 -c -Ipthread -Ilibgpiod -Im -Og -ffunction-sections -fdata-sections -Wall -fstack-usage -MMD -MP -MF"fzd_stpmic1.d" -MT"fzd_stpmic1.o" -o "fzd_stpmic1.o"
../fzd_stpmic1.c: In function ‘initialize_stpmic’:
../fzd_stpmic1.c:31:34: warning: implicit declaration of function ‘dup’ [-Wimplicit-function-declaration]
   31 |                 stpmic_i2c_dev = dup(file);
      |                                  ^~~
../fzd_stpmic1.c:32:17: warning: implicit declaration of function ‘close’; did you mean ‘pclose’? [-Wimplicit-function-declaration]
   32 |                 close(file);
      |                 ^~~~~
      |                 pclose
../fzd_stpmic1.c: In function ‘read_stpmicVersion’:
../fzd_stpmic1.c:41:12: warning: implicit declaration of function ‘write’; did you mean ‘fwrite’? [-Wimplicit-function-declaration]
   41 |         if(write(stpmic_i2c_dev, &reg_add, 1) < 1)
      |            ^~~~~
      |            fwrite
../fzd_stpmic1.c:45:12: warning: implicit declaration of function ‘read’; did you mean ‘fread’? [-Wimplicit-function-declaration]
   45 |         if(read(stpmic_i2c_dev, buf, 1) < 0)
      |            ^~~~
      |            fread
Finished building: ../fzd_stpmic1.c
 
Building file: ../main.c
Invoking: MPU GCC Compiler
arm-ostl-linux-gnueabi-gcc  -mthumb -mfpu=neon-vfpv4 -mfloat-abi=hard -mcpu=cortex-a7 --sysroot=/opt/st/stm32mp1/4.2.4-openstlinux-6.1-yocto-mickledore-mpu-v24.06.26/sysroots/cortexa7t2hf-neon-vfpv4-ostl-linux-gnueabi "../main.c" -std=gnu11 -g3 -c -Ipthread -Ilibgpiod -Im -Og -ffunction-sections -fdata-sections -Wall -fstack-usage -MMD -MP -MF"main.d" -MT"main.o" -o "main.o"
../main.c: In function ‘set_schedular_info’:
../main.c:58:29: warning: implicit declaration of function ‘pthread_setaffinity_np’ [-Wimplicit-function-declaration]
   58 |                 if ((nRet = pthread_setaffinity_np(pthread_self(), sizeof(cpu_set_t), &cpuset)) != 0)
      |                             ^~~~~~~~~~~~~~~~~~~~~~
Finished building: ../main.c
 
Building file: ../zed_rflink.c
Invoking: MPU GCC Compiler
arm-ostl-linux-gnueabi-gcc  -mthumb -mfpu=neon-vfpv4 -mfloat-abi=hard -mcpu=cortex-a7 --sysroot=/opt/st/stm32mp1/4.2.4-openstlinux-6.1-yocto-mickledore-mpu-v24.06.26/sysroots/cortexa7t2hf-neon-vfpv4-ostl-linux-gnueabi "../zed_rflink.c" -std=gnu11 -g3 -c -Ipthread -Ilibgpiod -Im -Og -ffunction-sections -fdata-sections -Wall -fstack-usage -MMD -MP -MF"zed_rflink.d" -MT"zed_rflink.o" -o "zed_rflink.o"
../zed_rflink.c: In function ‘rflinkLoop’:
../zed_rflink.c:57:32: warning: unused variable ‘data’ [-Wunused-variable]
   57 |         struct gpiohandle_data data;
      |                                ^~~~
../zed_rflink.c:56:35: warning: unused variable ‘req’ [-Wunused-variable]
   56 |         struct gpiohandle_request req;
      |                                   ^~~
Finished building: ../zed_rflink.c
 
Building target: fw
Invoking: MPU GCC Linker
arm-ostl-linux-gnueabi-gcc  -mthumb -mfpu=neon-vfpv4 -mfloat-abi=hard -mcpu=cortex-a7 --sysroot=/opt/st/stm32mp1/4.2.4-openstlinux-6.1-yocto-mickledore-mpu-v24.06.26/sysroots/cortexa7t2hf-neon-vfpv4-ostl-linux-gnueabi -o "fw" ./cJSON.o ./fzd_stpmic1.o ./main.o ./zed_cpu_info.o ./zed_gpio.o ./zed_rflink.o ./zed_serial_com.o ./zed_spi.o ./zed_timing.o ./zed_uart.o ./zed_uio.o    -Wl,-Map="fw.map" -Wl,--gc-sections
Finished building target: fw
 
20:12:22 **** Incremental Build of configuration Default for project fw ****
make all 
Wrapper for /home/faruk/st/stm32cubeide_1.16.0/plugins/com.st.stm32cube.ide.mpu.linux.toolchain_2.1.0.202305092038/tools/bin/make
FIP_DEPLOYDIR_ROOT: /home/faruk/Desktop/projects/801.01/SOFTWARE/801.01_fw/801.01/CA7/fw/Default/../../FIP_artifacts
+ case "$command" in
+ exec make all
make: Nothing to be done for 'all'.
20:12:55 **** Incremental Build of configuration Debug for project 801.01_CM4 ****
make -j32 all 
arm-none-eabi-size  801.01_CM4.elf 
   text	   data	    bss	    dec	    hex	filename
  33416	    288	   2172	  35876	   8c24	801.01_CM4.elf
Finished building: default.size.stdout
 
20:12:56 **** Incremental Build of configuration Default for project fw ****
make all 
Wrapper for /home/faruk/st/stm32cubeide_1.16.0/plugins/com.st.stm32cube.ide.mpu.linux.toolchain_2.1.0.202305092038/tools/bin/make
FIP_DEPLOYDIR_ROOT: /home/faruk/Desktop/projects/801.01/SOFTWARE/801.01_fw/801.01/CA7/fw/Default/../../FIP_artifacts
+ case "$command" in
+ exec make all
make: Nothing to be done for 'all'.
